[   0.0000] Initialingg cgroup ubys cput
[    0.000000] Initializing cgoup subsys cpu
[    0.000000] Initializig cgrou sbsyscpacct[    0.000000] Linux version 4.4.0-62-generic(buildd@lcy01-30) (gcc version 5.4. 2016009(Ubuntu 5.4.0-6ubuntu1~16.04.4) ) #83-Ubunu SMP Wed Jan 18 14:10:15 UTC 2017 (Ubuntu 4.4.0-62.83-generic 4..40)
[    0.000000] Command line: BOOT_IMAGE=/boot/vmlinuz-4.4.0-62-generic root=UUID=8ca31236-b14-47d1-a491-527b2dc859dc ro console=tty1 console=ttyS0
[    0.000000] KERNEL supported cpus:
[    0.000000]   Intel GenuineIntel
[    0.000000]   AMD AuthenticAMD
[    0.000000]   Centaur CentaurHauls
[    0.000000] x86/fpu: xstate_offset[2]:  576, xstate_sizes[2]: 256
[    0.000000] x86/fpu: Supporting XSAVE feature 0x01: 'x87 floating point registers'
[    0.000000] x86/fpu: Supporting XSAVE feature 0x02: 'SSE registers'
[    0.000000] x86/fpu: Supporng XSAVE feature 0x04: 'AVX registers'
[    0.000000] x86/fpu: Enabled xstate features 0x7, context size is 832 bytes, ussing 'standard' format.
[    0.000000] x86/fpu: Using 'lazy' FPU context switches.
[    0.000000] e820: BIOS-proided physical RAM map:
[    0.000000] BIOS-e820: [mem 0x0000000000000000-0x000000000009fbff] usable
[    0.000000] BIOS-e820: [mem 0x00000000009fc00-0x000000000009ffff reserved
[    0.000000] BIOS-e820: [mem 0x00000000000f0000-0x00000000000fffff] reserved
[    0.000000] BIOS-e820: [mem 0x0000000000100000-0x000000003ffeffff] usable
[    0.000000] BIOS-e820: [mem 0x000000003fff0000-0x00000003fffffff] ACPI data
[    0.000000] BIOS-e820: [mem 0x00000000fffc0000-0x00000000ffffffff] reserveed
[    0.000000] NX (Execute Disable) protection: active
[    0.000000] SMBIOS 2.5 present.
[    0.000000] Hypervisor etected: KVM
[    0.000000] e820: last_pfn = 0x3fff0 max_arch_pfn = 0x400000000
[    0.000000] MTRR: Disabled
[    0.000000] x86/PAT: MTRRs disabled, skipping PAT initialization too.
[    0.000000] x86/PT: Configuration [0-7]: WB  WT  UC- UC  WB  WT  UC- UC  
[    0.000000] CPU MTRRs all blank - virtualized system.
[    0.000000] found SMP MP-table at [mem 0x0009fff0-0x0009ffff] mapped at [ffff88000009fff0]
[    0.000000] Scanning 1 aras for low memory corruption
[    0.000000] RAMDISK: [mem 0x338dc000-0x35c65fff]
[  0.000000] ACPI: Early table checksum verification disabled
[    0.000000] ACPI: RSDP 0x00000000000E0000 000024 (v02 VBOX  )
[    0.000000] ACPI: XSDT 0x000000003FFF0030 00003C (v01 VBOX   VBOXXSDT 00000001 ASL  00000061)
[    0.000000] ACPI: FACP 0x000000003FFF00F0 0000F4 (v04 VOX   OXFACP 00000001 ASL  00000061)
[    0.00000]ACPI: DSDT 0x000000003FFF0470 002106 (v01 VBOX   VBOXBIOS 00000002 INTL 20100528)
[    0.000000] ACPI: FACS 0x000000003FFF0200 000040
[    0.000000] ACPI: FACS 0x000000003FFF0200 00000
[    0.000000] ACPI: APIC 0x000000003FFF0240 0000C (v02 VBOX  VBOXAPIC 0000001 ASL  00000061)
[    0.000000] ACPI: SSDT 0x000000003FFF02A0 0001CC (v01 VBOX   VBOXCPUT 00000002 INTL 20100528)
[    0.000000] No NUMA cnfiguration found
[    0.000000] Faking a node at [mem 0x0000000000000000-0x000000003ffeffff]
[    0.000000] NODE_DATA(0) allocated [mem 0x3ffeb000-0x3ffeffff]
[    0.000000] kvm-clock: Using msrs 4b564d01 and 4b56400
[    0.000000] kvm-clock: cpu 0, msr 0:3ffe3001, primary cpu clock
[    0.000000] kvm-clock: using sched offset of 5751233065 cycles
[    0.000000] clocksource: kvm-clock: mask: 0xffffffffffffffff max_cycles: 0x1cd42e4dffb, max_idle_ns: 881590591483 ns
[    0.000000] Zone ranges:
[    0.000000]   DMA      [mem 0x0000000000001000-0x0000000000ffffff]
[    0.000000]   DMA32    [mem 0x0000000001000000-0x000000003ffeffff]
[    0.000000]   Normal   empty
[    0.000000]   Device   empty
[    0.000000] Movable zone start for each node
[    0.000000] Early memory node ranges
[    0.000000]   node   0: [mem 0x0000000000001000-0x000000000009efff]
[    0.000000]   node   0: [mem 0x0000000000100000-0x000000003ffeffff]
[    0.000000] Initmem setup node 0 mem 0x0000000000001000-0x000000003ffeffff]
[    0.000000] ACPI: PM-Timer IO Port: 0x4008
[    0.00000] IOAPIC[0]: apic_id 2, versin 17, address 0xfec00000, GSI 0-23
[    0.000000] ACPI: INT_SRC_OVR (bus 0 bus_irq 0 global_irq 2 dfl dfl)
[    0.000000] ACPI: INT_SRC_OVR (bus 0 bus_irq 9 global_irq 9 high level)
[   0.000000] Using ACP (MADT) for SMP configuratoninformation
[    0.000000] smpboot: Allowing 2 CPUs, 0 hotplug CPUs
[    0.000000] PM: Registered nosave memory: [mem 0x00000000-0x00000fff]
[    0.000000] PM: Registered nosa memory: [mem 0x0009f000-0x0009ffff]
[    0.000000] PM: Registered nosave memory: [mem 0x000a0000-0x000effff]
[    0.000000] PM: Registered nosave memory: [mem 0x000f0000-0x000fffff]
[    0.000000] e820: [mem x40000000-0xfffbffff] available for PCI devices
[    0.000000] Booting paravirtualized kenel on KVM
[    0.000000] clocksource: refined-jiffies: mask: 0xffffffff max_cycles: 0xffffffff, max_idle_ns: 7645519600211568 ns
[    0.000000] setup_pecp: NR_CPUS:512 nr_cpumask_bits512 nr_cpu_ids:2 nr_node_ids:1
[    0.000000] PERCPU: Ebedded 33 pages/cpu @ffff88003c00000 s98264 r8192 d28712 u1048576
[    0.000000] PV qspinlock hash table entries: 256 (order: 0, 4096 bytes)
[    0.000000] Built 1 zonelists in Node order, mobility grouping on.  Total pages: 257913
[    0.000000] Policy zone: DMA32
[    0.000000] Kernel command line: BOOT_IMAGE=/boot/vmlinuz-4.4.0-62-generic root=UUID=8ca31236-1b14-47d1-a491-527b2dc859dc ro console=tt1 onsole=ttyS0
[    0.000000] PID hash table entris: 4096 (orer: , 32768 bytes)
[    0.000000] Memory: 976188K/1048120K available (8436K kernel code, 1291K rwdata, 3960K rodata, 1488K init, 1316K bss, 71932K reserved, 0K cma-reserved)
[   0.000000] SLUB: HWalign=64, Order=0-3, MinObjects=0, CPUs=2, Nodes=1
[    0.000000] Hierarchical RCU implementation.
[    0.000000] 	Build-time adjustment of leaf fanout to 64.
[    0.000000] 	RCU restricting CPUs from NR_CPUS=512 to nr_cpu_ids=2.
[    .000000] RCU: Adjusting geometry for rcu_fanout_leaf=64, nr_cpu_ids=2
[    0.000000] NR_IRQS:33024 nr_irqs:440 16
[    0.000000] Console: colour VGA+ 80x25
[    0.000000] console [tty1] enabled
[    0.0000] console [ttyS0] enabled
[    0.000000] tsc: Detected 2000.000 MHz processor
[    3.924353] Calibrating delay loop (skipped) preset value.. 4000.00 BogoMIPS (lpj=8000000)
[    3.927112] pid_max: default: 32768 minimum: 301
[    3.931500] ACPI: Core revision 20150930
[    3.946145] ACPI: 2 ACPI AML tables successfully acquired and loaded
[    3.967735] Security Framework initialized
[    3.974082] Yama: becoming mindful.
[    3.983366] AppArmor: AppArmor initialized
[    3.986450] Dentry cache hash table entries: 131072 (order: 8, 1048576 bytes)
[    4.013779] Inode-cache hash table entries: 65536 (order: 7, 524288 bytes)
[    4.042888] Mount-cache hash table entries: 2048 (order: 2, 16384 bytes)
[    4.045080] Mountpoint-cache hash table entries: 2048 (order: 2, 16384 bytes)
[    4.049553] Initializing cgroup subsys io
[    4.053524] Initializing cgroup subsys memory
[    4.056216] Initializing cgroup subsys devices
[    4.058799] Initializing cgroup subsys freezer
[    4.060155] Initializing cgroup subsys net_cls
[    4.063647] Initializing cgroup subsys perf_event
[    4.070744] Initializing cgroup subsys net_prio
[    4.077572] Initializing cgroup subsys hugetlb
[    4.086501] Initializing cgroup subsys pids
[    4.096548] CPU: Physical Processor ID: 0
[    4.106384] CPU: Processor Core ID: 0
[    4.120574] mce: CPU supports 0 MCE banks
[    4.126455] Last level iTLB entries: 4KB 1024, 2MB 1024, 4MB 1024
[    4.138891] Last level dTLB entries: 4KB 1024, 2MB 1024, 4MB 1024, 1GB 4
[    4.158343] Freeing SMP alternatives memory: 32K (ffffffff820b8000 - ffffffff820c0000)
[    4.196453] ftrace: allocating 32065 entries in 126 pages
[    4.314426] smpboot: APIC(0) Converting physical 0 to logical package 0
[    4.316567] smpboot: Max logical packages: 1
[    4.320404] ..TIMER: vector=0x30 apic1=0 pin1=2 apic2=-1 pin2=-1
[    4.428256] smpboot: CPU0: Intel(R) Core(TM) i5-4260U CPU @ 1.40GHz (family: 0x6, model: 0x45, stepping: 0x1)
[    4.448771] Performance Events: unsupported p6 CPU model 69 no PMU driver, software events only.
[    4.459862] KVM setup paravirtual spinlock
[    4.467685] x86: Booting SMP configuration:
[    4.469941] .... node  #0, CPUs:      #1
[    4.471813] kvm-clock: cpu 1, msr 0:3ffe3041, secondary cpu clock
[    4.483973] mce: CPU supports 0 MCE banks
[    4.486982] x86: Booted up 1 node, 2 CPUs
[    4.491819] smpboot: Total of 2 processors activated (8000.00 BogoMIPS)
[    4.495120] devtmpfs: initialized
[    4.509342] evm: security.selinux
[    4.514758] evm: security.SMACK64
[    4.519614] evm: security.SMACK64EXEC
[    4.524750] evm: security.SMACK64TRANSMUTE
[    4.530342] evm: security.SMACK64MMAP
[    4.535282] evm: security.ima
[    4.540421] evm: security.capability
[    4.549546] clocksource: jiffies: mask: 0xffffffff max_cycles: 0xffffffff, max_idle_ns: 7645041785100000 ns
[    4.565092] pinctrl core: initialized pinctrl subsystem
[    4.573381] RTC time: 18:11:01, date: 02/14/17
[    4.576606] NET: Registered protocol family 16
[    4.589029] cpuidle: using governor ladder
[    4.604604] cpuidle: using governor menu
[    4.606447] PCCT header not found.
[    4.607733] ACPI: bus type PCI registered
[    4.609134] acpiphp: ACPI Hot Plug PCI Controller Driver version: 0.5
[    4.611277] PCI: Using configuration type 1 for base access
[    4.627399] ACPI: Added _OSI(Module Device)
[    4.632752] ACPI: Added _OSI(Processor Device)
[    4.644918] ACPI: Added _OSI(3.0 _SCP Extensions)
[    4.654005] ACPI: Added _OSI(Processor Aggregator Device)
[    4.661824] ACPI: Executed 1 blocks of module-level executable AML code
[    4.677460] ACPI: Interpreter enabled
[    4.681397] ACPI: (supports S0 S5)
[    4.684976] ACPI: Using IOAPIC for interrupt routing
[    4.701421] PCI: Using host bridge windows from ACPI; if necessary, use "pci=nocrs" and report a bug
[    4.723009] ACPI: PCI Root Bridge [PCI0] (domain 0000 [bus 00-ff])
[    4.730318] acpi PNP0A03:00: _OSC: OS supports [ASPM ClockPM Segments MSI]
[    4.739340] acpi PNP0A03:00: _OSC failed (AE_NOT_FOUND); disabling ASPM
[    4.747580] acpi PNP0A03:00: fail to add MMCONFIG information, can't access extended PCI configuration space under this bridge.
[    4.862484] PCI host bridge to bus 0000:00
[    4.875592] pci_bus 0000:00: root bus resource [io  0x0000-0x0cf7 window]
[    4.899228] pci_bus 0000:00: root bus resource [io  0x0d00-0xffff window]
[    4.913760] pci_bus 0000:00: root bus resource [mem 0x000a0000-0x000bffff window]
[    4.929265] pci_bus 0000:00: root bus resource [mem 0x40000000-0xffdfffff window]
[    4.939740] pci_bus 0000:00: root bus resource [bus 00-ff]
[    4.960270] pci 0000:00:01.1: legacy IDE quirk: reg 0x10: [io  0x01f0-0x01f7]
[    4.984017] pci 0000:00:01.1: legacy IDE quirk: reg 0x14: [io  0x03f6]
[    5.076909] pci 0000:00:01.1: legacy IDE quirk: reg 0x18: [io  0x0170-0x0177]
[    5.130148] pci 0000:00:01.1: legacy IDE quirk: reg 0x1c: [io  0x0376]
[    5.206002] ACPI: PCI Interrupt Link [LNKA] (IRQs 5 9 10 11) *0, disabled.
[    5.229102] ACPI: PCI Interrupt Link [LNKB] (IRQs 5 9 10 *11)
[    5.242736] ACPI: PCI Interrupt Link [LNKC] (IRQs 5 9 *10 11)
[    5.261465] ACPI: PCI Interrupt Link [LNKD] (IRQs 5 *9 10 11)
[    5.273704] ACPI: Enabled 2 GPEs in block 00 to 07
[    5.290246] vgaarb: setting as boot device: PCI:0000:00:02.0
[    5.300645] vgaarb: device added: PCI:0000:00:02.0,decodes=io+mem,owns=io+mem,locks=none
[    5.316784] vgaarb: loaded
[    5.338203] vgaarb: bridge control possible 0000:00:02.0
[    5.341539] SCSI subsystem initialized
[    5.345922] ACPI: bus type USB registered
[    5.349749] usbcore: registered new interface driver usbfs
[    5.352929] usbcore: registered new interface driver hub
[    5.359563] usbcore: registered new device driver usb
[    5.371494] PCI: Using ACPI for IRQ routing
[    5.378106] NetLabel: Initializing
[    5.386185] NetLabel:  domain hash size = 128
[    5.397311] NetLabel:  protocols = UNLABELED CIPSOv4
[    5.406056] NetLabel:  unlabeled traffic allowed by default
[    5.417140] amd_nb: Cannot enumerate AMD northbridges
[    5.421528] clocksource: Switched to clocksource kvm-clock
[    5.477393] AppArmor: AppArmor Filesystem Enabled
[    5.485250] pnp: PnP ACPI init
[   5.488300] pnp: Pn ACPI: found 3 devices

[  5.625089] clocksource: acpi_pm: mask: 0xfffff m_cles: 0xfffff, max_idle_ns: 2085701024 ns
[    6.115281] NET: Regisered potocol family 2
[    6.243460] TCP established hash table entries: 8192 (order: 4, 6553 btes)
[    6.332432] TCP nd hash table enries: 8192(oer5, 131072 bytes)
[    6.841424] TCP: Hashtables configured (established 8192 bind 8192)
[    6.872793] UDP hash table entries: 512 (order: 2, 16384 bytes)
[    6.875829] UDP-Lit hash tale entries: 512 (order: 2, 16384 bytes)
[    6.979940] NET: Registered protocol family 1
[    6.981408] pci 0000:00:00.0: Limiting direct PCI/PCI transfers
[    6.984450] pci 0000:00:01.0: Activating ISA DMA hang workarounds
[    6.987027] Trying to unpack rootfs image asniramfs...

[    8.278377] Freeing initrd memory: 36392K (ffff8800338dc000 - ffff880035c66000)
[    8.284291] RAPL PMU detected, API unit is 2^-32 Joules, 4 fixed counters 10737418240 ms ovfl timer
[    8.301553] hw unit of domain pp0-core 2^-0 Joules
[    8.371219] hw unit of domain package 2^-0 Joules
[    8.388248] hw unit of domain dram 2^-0 Joules
[    8.394812] hw unit of domain pp1-gpu 2^-0 Joules
[    8.408737] platform rtc_cmos: registered platform RTC device (no PNP device found)
[    8.432548] Scanning for low memorcorruption every 6 secods
[    8.783052] futex hash table entries: 512 (order: 3, 32768 bytes)
[    8.823078] audit: initializing netlink subsys (disabled)
[    8.827616] audit: type=2000 audit(1487095868.227:1): initialized
[    8.829981] Initialise system trusted keyring
[    8.843607] HugeTLB registered 2 MB page size, pre-allocated 0 pages
[    8.866201] zbud: loaded
[    8.880701] VFS: Disk quotas dquot_6.6.0
[    8.885739] VFS: Dquot-cache hash table entries: 512 (order 0, 4096 bytes)
[    8.893498] squashfs: version 4.0 (2009/01/31) Phillip Lougher
[    8.906103] fuse init (API version 7.23)
[    8.918612] Key type big_key registered
[    8.928910] Allocating IMA MOK and blacklist keyrings.
[    8.949070] Key type asymmetric registered
[    8.950831] Asymmetric key parser 'x509' registered
[    8.964794] Block layer SCSI generic (bsg) driver version 0.4 loaded (major 249)
[    8.967744] io scheduler noop registered
[    8.979783] io scheduler deadline registered (default)
[    8.981842] io scheduler cfq registered
[    8.989814] pci_hotplug: PCI Hot Plug PCI Core version: 0.5
[    9.000325] pciehp: PCI Express Hot Plug Controller Driver version: 0.4
[    9.016854] ACPI: AC Adapter [AC] (on-line)
[    9.024437] input: Power Button as /devices/LNXSYSTM:00/LNXPWRBN:00/input/input0
[    9.038233] ACPI: Power Button [PWRF]
[    9.051214] input: Sleep Button as /devices/LNXSYSTM:00/LNXSLPBN:00/input/input1
[    9.060089] ACPI: Sleep Button [SLPF]
[    9.062849] GHES: HEST is not enabled!
[    9.064261] ACPI: Battery Slot [BAT0] (battery present)
[    9.087461] Serial: 8250/16550 driver, 32 ports, IRQ sharing enabled
[    9.115192] 00:02: ttyS0 at I/O 0x3f8 (irq = 4, base_baud = 115200) is a 16550A
[    9.142058] Linux agpgart interface v0.103
[    9.179800] brd: module loaded
[    9.191278] loop: module loaded
[    9.205665] scsi host0: ata_piix
[    9.207180] scsi host1: ata_piix
[    9.214158] ata1: PATA max UDMA/33 cmd 0x1f0 ctl 0x3f6 bmdma 0xd000 irq 14
[    9.216935] ata2: PATA max UDMA/33 cmd 0x170 ctl 0x376 bmdma 0xd008 irq 15
[    9.219278] libphy: Fixed MDIO Bus: probed
[    9.220705] tun: Universal TUN/TAP device driver, 16
[    9.352332] tun: (C) 1999-2004 Max Krasnyansky <max@qualcomm.om

[    9.541677] tsc: Refined TSC clocksource calibration: 1999.979 MHz
[   9553208] clocksource: tsc: mask: 0xffffffffffffffff max_cycles: 0x39a834d71c7, max_idle_ns: 881590523398 ns

[    9.702123] PPP generic driver version 2.4.2
[    9.707681] ehci_hcd: USB 2.0 'Enhanced' Host Controller (EHCI) Driver
[    9.723624] ehci-pci: EHCI PCI platform driver
[    9.745352] ehci-platform: EHCI generic platform driver
[    9.748189] ohci_hcd: USB 1.1 'Open' Host Controller (OHCI) Driver
[    9.764354] ohci-pci: OHCI PCI platform driver
[    9.765779] ohci-platform: OHCI generic platform driver
[    9.771258] uhci_hcd: USB Universal Host Controller Interface driver
[    9.787459] i8042: PNP: PS/2 Controller [PNP0303:PS2K,PNP0f03:PS2M] at 0x60,0x64 irq 1,12
[    9.806934] serio: i8042 KBD port at 0x60,0x64 irq 1
[    9.814885] serio: i8042 AUX port at 0x60,0x64 irq 12
[    9.824360] mousedev: PS/2 mouse device common for all mice
[    9.834745] rtc_cmos rtc_cmos: rtc core: registered rtc_cmos as rtc0
[    9.873239] rtc_cmos rtc_cmos: alarms up to one day, 114 bytes nvram
[    9.891374] i2c /dev entries driver
[    9.895128] input: AT Translated Set 2 keyboard as /devices/platform/i8042/serio0/input/input2
[    9.910069] device-mapper: uevent: version 1.0.3
[    9.920346] device-mapper: ioctl: 4.34.0-ioctl (2015-10-28) initialised: dm-devel@redhat.com
[    9.958127] ledtrig-cpu: registered to indicate activity on CPUs
[    9.972171] NET: Registered protocol family 10
[    9.994210] NET: Registered protocol family 17
[    9.995609] Key type dns_resolver registered
[   10.015480] microcode: CPU0 sig=0x40651, pf=0x40, revision=0x0
[   10.017539] microcode: CPU1 sig=0x40651, pf=0x40, revision=0x0
[   10.033919] microcode: Microcode Update Driver: v2.01 <tigran@aivazian.fsnet.co.uk>, Peter Oruba
[   10.067850] registered taskstats version 1
[   10.080382] Loading compiled-in X.509 certificates
[   10.098245] Loaded X.509 cert 'Build time autogenerated kernel key: a630254739635d6fdc487c9f0afa5d9a0ff04f04'
[   10.176182] zswap: loaded using pool lzo/zbud
[   10.194072] Key type trusted registered
[   10.220382] Key type encrypted registered
[   10.246705] AppArmor: AppArmor sha1 policy hashing enabled
[   10.273060] ima: No TPM chip found, activating TPM-bypass!
[   10.299209] evm: HMAC attrs: 0x1
[   10.306224]   Magic number: 5:552:190
[   10.312864] rtc_cmos rtc_cmos: setting system clock to 2017-02-14 18:11:07 UTC (1487095867)
[   10.325676] BIOS EDD facility v0.16 2004-Jun-25, 0 devices found
[   10.337166] EDD information not available.
[   10.351317] Freeing unused kernel memory: 1488K (ffffffff81f44000 - ffffffff820b8000)
[   10.374636] Write protecting the kernel read-only data: 14336k
[   10.381732] Freeing unused kernel memory: 1792K (ffff880001840000 - ffff880001a00000)
[   10.396353] Freeing unused kernel memory: 136K (ffff880001dde000 - ffff880001e00000)
Loading, please wait...
starting version[   10.422795] random: systemd-udevd: uninitialized urandom read (16 bytes read, 3 bits of entropy available)
 229
[   10.424053] random: udevadm: uninitialized urandom read (16 bytes read, 3 bits of entropy available)
[   10.424112] random: udevadm: uninitialized urandom read (16 bytes read, 3 bits of entropy available)
[   10.424370] random: udevadm: uninitialized urandom read (16 bytes read, 3 bits of entropy available)
[   10.424441] random: udevadm: uninitialized urandom read (16 bytes read, 3 bits of entropy available)
[   10.424503] random: udevadm: uninitialized urandom read (16 bytes read, 3 bits of entropy available)
[   10.424565] random: udevadm: uninitialized urandom read (16 bytes read, 3 bits of entropy available)
[   10.424632] random: udevadm: uninitialized urandom read (16 bytes read, 3 bits of entropy available)
[   10.424697] random: udevadm: uninitialized urandom read (16 bytes read, 3 bits of entropy available)
[   10.424757] random: udevadm: uninitialized urandom read (16 bytes read, 3 bits of entropy available)
[   10.812605] ACPI: Video Device [GFX0] (multi-head: yes  rom: no  post: no)
[   10.911653] input: Video Bus as /devices/LNXSYSTM:00/LNXSYBUS:00/PNP0A03:00/LNXVIDEO:00/input/input4
[   10.935809] FUJITSU Extended Socket Network Device Driver - version 1.0 - Copyright (c) 2015 FUJITSU LIMITED
[   11.028026] e1000: Intel(R) PRO/1000 Network Driver - version 7.3.21-k8-NAPI
[   11.051366] e1000: Copyright (c) 1999-2006 Intel Corporation.
[   11.079675] Fusion MPT base driver 3.04.20
[   11.083603] Copyright (c) 1999-2008 LSI Corporation
[   11.106893] Fusion MPT SPI Host driver 3.04.20
[   11.112345] AVX version of gcm_enc/dec engaged.
[   11.125661] AES CTR mode by8 optimization enabled
[   11.139890] mptbase: ioc0: Initiating bringup
[   11.246736] ioc0: LSI53C1030 A0: Capabilities={Initiator}
[   11.278403] input: ImExPS/2 Generic Explorer Mouse as /devices/platform/i8042/serio1/input/input5
[   11.701378] scsi host2: ioc0: LSI53C1030 A0, FwRev=00000000h, Ports=1, MaxQ=256, IRQ=20
[   12.202906] scsi 2:0:0:0: Direct-Access     VBOX     HARDDISK         1.0  PQ: 0 ANSI: 5
[   12.235622] scsi target2:0:0: Beginning Domain Validation
[   12.255420] scsi target2:0:0: Domain Validation skipping write tests
[   12.278315] scsi target2:0:0: Ending Domain Validation
[   12.294050] scsi target2:0:0: asynchronous
[   12.351677] scsi 2:0:1:0: Direct-Access     VBOX     HARDDISK         1.0  PQ: 0 ANSI: 5
[   12.363671] scsi target2:0:1: Beginning Domain Validation
[   12.393217] scsi target2:0:1: Domain Validation skipping write tests
[   12.415771] scsi target2:0:1: Ending Domain Validation
[   12.439368] scsi target2:0:1: asynchronous
[   12.601849] sd 2:0:0:0: Attached scsi generic sg0 type 0
[   12.605766] sd 2:0:0:0: [sda] 20971520 512-byte logical blocks: (10.7 GB/10.0 GiB)
[   12.609898] sd 2:0:1:0: Attached scsi generic sg1 type 0
[   12.617408] sd 2:0:0:0: [sda] Write Protect is off
[   12.619714] sd 2:0:0:0: [sda] Incomplete mode parameter data
[   12.623114] sd 2:0:0:0: [sda] Assuming drive cache: write through
[   12.629092] sd 2:0:1:0: [sdb] 20480 512-byte logical blocks: (10.5 MB/10.0 MiB)
[   12.632597] sd 2:0:1:0: [sdb] Write Protect is off
[   12.635342] sd 2:0:1:0: [sdb] Incomplete mode parameter data
[   12.639616] sd 2:0:1:0: [sdb] Assuming drive cache: write through
[   12.647563]  sda: sda1
[   12.654298] sd 2:0:0:0: [sda] Attached SCSI disk
[   12.670905] sd 2:0:1:0: [sdb] Attached SCSI disk
[   12.826229] e1000 0000:00:03.0 eth0: (PCI:33MHz:32-bit) 02:e4:5b:1a:6e:ce
[   12.841718] e1000 0000:00:03.0 eth0: Intel(R) PRO/1000 Network Connection
[   12.863367] e1000 0000:00:03.0 enp0s3: renamed from eth0
[   14.072097] floppy0: no floppy controllers found
Begin: Loading essential drivers ... [   18.117150] md: linear personality registered for level -1
[   18.187149] md: multipath personality registered for level -4
[   18.212479] md: raid0 personality registered for level 0
[   18.236399] md: raid1 personality registered for level 1
[   18.330153] raid6: sse2x1   gen()  3469 MB/s
[   18.421684] raid6: sse2x1   xor()  1229 MB/s
[   18.493893] raid6: sse2x2   gen()  4218 MB/s
[   18.573720] raid6: sse2x2   xor()  3002 MB/s
[   18.662095] raid6: sse2x4   gen()  7235 MB/s
[   18.737736] raid6: sse2x4   xor()  3574 MB/s
[   18.759148] raid6: using algorithm sse2x4 gen() 7235 MB/s
[   18.794971] raid6: .... xor() 3574 MB/s, rmw enabled
[   18.827546] raid6: using ssse3x2 recovery algorithm
[   18.862996] xor: automatically using best checksumming function:
[   18.950516]    avx       : 11779.000 MB/sec
[   18.959038] async_tx: api initialized (async)
[   18.991131] md: raid6 personality registered for level 6
[   18.998713] md: raid5 personality registered for level 5
[   19.006373] md: raid4 personality registered for level 4
[   19.057847] md: raid10 personality registered for level 10
done.
Begin: Running /scripts/init-premount ... done.
Begin: Mounting root file system ... Begin: Running /scripts/local-top ... done.
Begin: Running /scripts/local-premount ... [   19.186915] Btrfs loaded
Scanning for Btrfs filesystems
done.
Warning: fsck no[   19.307934] EXT4-fs (sda1): INFO: recovery required on readonly filesystem
t present, so skipping root file system
[   19.313372] EXT4-fs (sda1): write access will be enabled during recovery
[   19.968701] EXT4-fs (sda1): recovery complete
[   19.979387] EXT4-fs (sda1): mounted filesystem with ordered data mode. Opts: (null)
done.
Begin: Running /scripts/local-bottom ... done.
Begin: Running /scripts/init-bottom ... done.
[   20.401120] systemd[1]: systemd 229 running in system mode. (+PAM +AUDIT +SELINUX +IMA +APPARMOR +SMACK +SYSVINIT +UTMP +LIBCRYPTSETUP +GCRYPT +GNUTLS +ACL +XZ -LZ4 +SECCOMP +BLKID +ELFUTILS +KMOD -IDN)
[   20.446053] systemd[1]: Detected virtualization oracle.
[   20.455312] systemd[1]: Detected architecture x86-64.

Welcome to [1mUbuntu 16.04.2 LTS[0m!

[   20.488647] systemd[1]: Set hostname to <nomad>.
[   20.834759] systemd[1]: Started Forward Password Requests to Wall Directory Watch.
[[0;32m  OK  [0m] Started Forward Password Requests to Wall Directory Watch.
[   20.863125] systemd[1]: Set up automount Arbitrary Executable File Formats File System Automount Point.
[[0;32m  OK  [0m] Set up automount Arbitrary Executab...ats File System Automount Point.
[   20.926958] systemd[1]: Created slice System Slice.
[[0;32m  OK  [0m] Created slice System Slice.
[   20.934268] systemd[1]: Listening on Journal Audit Socket.
[[0;32m  OK  [0m] Listening on Journal Audit Socket.
[   20.951472] systemd[1]: Reached target Encrypted Volumes.
[[0;32m  OK  [0m] Reached target Encrypted Volumes.
[   20.99686] systemd[1]: Listeningon Journal Socket (/dev/log).
[[0;32m  OK  [0m] Listening on Journal Socket (/dev/log).
[   21.272379] systemd[1]: Listening on Device-mapper event daemon FIOs.

[[0;32m  OK  [0m] Listening on Device-mapper event daemon FIFOs.
[   21.332122] systemd[1]: Reaced target Swap

[[0;32m  OK  [0m] Reached target Swap.
[  21.447272] systemd1] Listening on /dev/initctl Compatibility Named Pipe

[[0;32m  OK  [0m] Listening on /dev/initctl Compatibility Named Pipe.
[   21.67423] systmd[1]: Listening on LVM2 poll daemon socket.

[[0;32m  OK  [0m] Listening on LVM2 poll daemon socket.
[   21.831023] systemd[1]: Listeni on Syslog Socket.
[[0;32m  OK  [0m] Listening on Syslog Socket.
[   21.940617] systemd[1]: Listening n dev Control Socket.
[[0;32m  OK  [0m] Listening on udev Control Socket.
[   22.105396] systemd[1]: Listening on udev Kernel Socket.
[[0;32m  OK  [0m] Listening on udev Kernel Socket.
[   22.136997] systemd[1]: Created slice system-serial\x2dgetty.slice.
[[0;32m  OK  [0m] Created slice system-serial\x2dgetty.slice.
[   22.162326] systemd[1]: Reached target User and Group Name Lookups.
[[0;32m  OK  [0m] Reached target User and Group Name Lookups.
[   22.210752] systemd[1]: Listening on LVM2 metadata daemon socket.
[[0;32m  OK  [0m] Listening on LVM2 metadata daemon socket.
[   22.249195] systemd[1]: Created slice User and Session Slice.
[[0;32m  OK  [0m] Created slice User and Session Slice.
[   22.276799] systemd[1]: Reached target Slices.
[[0;32m  OK  [0m] Reached target Slices.
[   22.299561] systemd[1]: Listening on Journal Socket.
[[0;32m  OK  [0m] Listening on Journal Socket.
[   22.342241] systemd[1]: Starting Uncomplicated firewall...
         Starting Uncomplicated firewall...
[   22.437833] systemd[1]: Mounting Debug File System...
[   22.492546] random: nonblocking pool is initialized
         Mounting Debug File System...
[   22.594055] systemd[1]: Starting Load Kernel Modules...
         Starting Load Kernel Modules...[   22.628948] Loading iSCSI transport class v2.0-870.

[   22.768724] systemd[1]: Starting Monitoring of LVM2 mirrors, snapshots etc. using dmeventd or progress polling...
         Starting Monitoring of LVM2 mirrors... dmeventd or progress poll[   22.821675] iscsi: registered transport (tcp)
ing...
[   22.854084] systemd[1]: Mounting POSIX Message Queue File System...
         Mounting POSIX Message Queue File System...
[   22.883241] systemd[1]: Starting Remount Root and Kernel File Systems...
         Starting Remount Root a[   22.919211] EXT4-fs (sda1): re-mounted. Opts: (null)
nd Kernel File S[   22.938706] iscsi: registered transport (iser)
ystems...
[   22.982134] systemd[1]: Starting Create list of required static device nodes for the current kernel...
         Starting Create list of required st... nodes for the current kernel...
[   23.046682] systemd[1]: Starting Nameserver information manager...
         Starting Nameserver information manager...
[   23.067487] systemd[1]: Starting Set console keymap...
         Starting Set console keymap...
[   23.105874] systemd[1]: Mounting Huge Pages File System...
         Mounting Huge Pages File System...
[   23.143895] systemd[1]: Starting Journal Service...
         Starting Journal Service...
[   23.172399] systemd[1]: Mounted POSIX Message Queue File System.
[[0;32m  OK  [0m] Mounted POSIX Message Queue File System.
[   23.206370] systemd[1]: Mounted Debug File System.
[[0;32m  OK  [0m] Mounted Debug File System.
[   23.218397] systemd[1]: Mounted Huge Pages File System.
[[0;32m  OK  [0m] Mounted Huge Pages File System.
[   23.240195] systemd[1]: Started Journal Service.
[[0;32m  OK  [0m] Started Journal Service.
[[0;32m  OK  [0m] Started Uncomplicated firewall.
[[0;32m  OK  [0m] Started Load Kernel Modules.
[[0;32m  OK  [0m] Started Remount Root and Kernel File Systems.
[[0;32m  OK  [0m] Started Create list of required sta...ce nodes for the current kernel.
[[0;32m  OK  [0m] Started Set console keymap.
[[0;32m  OK  [0m] Started Nameserver information manager.
[[0;32m  OK  [0m] Started LVM2 metadata daemon.
         Starting Create Static Device Nodes in /dev...
         Starting Load/Save Random Seed...
         Starting Initial cloud-init job (pre-networking)...
         Starting udev Coldplug all Devices...
         Mounting FUSE Control File System...
         Starting Apply Kernel Variables...
         Starting Flush Journal to Persistent Storage...
[[0;32m  OK  [0m] Mounted FUSE Control File System.
[[0;32m  OK  [0m] Started Create Static Device Nodes in /dev.
[[0;32m  OK  [0m] Started Load/Save Random Seed.
[[0;32m  OK  [0m] Started Apply Kernel Variables.
[[0;32m  OK  [0m] Started udev Coldplug all Devices.
[[0;32m  OK  [0m] Started Monitoring of LVM2 mirrors,...ng dmeventd or progress polling.
[[0;32m  OK  [0m] Started Flush Journal to Persistent Storage.
         Starting udev Kernel Device Manager...
[[0;32m  OK  [0m] Started udev Kernel Device Manager.
[[0;32m  OK  [0m] Reached target Local File Systems (Pre).
[[0;32m  OK  [0m] Reached target Local File Systems.
         Starting Set console font and keymap...
         Starting Create Volatile Files and Directories...
         Starting Tell Plymouth To Write Out Runtime Data...
         Starting LSB: AppArmor initialization...
[   24.993485] piix4_smbus 0000:00:07.0: SMBus base address uninitialized - upgrade BIOS or use force_addr=0xaddr
[[0;32m  OK  [0m] Started Dispatch Password Requests to Console Directory Watch.
[[0;32m  OK  [0m] Started Create Volatile Files and Directories.
[   25.524849] intel_rapl: no valid rapl domains found in package 0
[[0;32m  OK  [0m] Found device /dev/ttyS0.
         Starting Update UTMP about System Boot/Shutdown...
[[0;32m  OK  [0m] Reached target System Time Synchronized.
[[0;32m  OK  [0m] Started Update UTMP about System Boot/Shutdown.
[[0;32m  OK  [0m] Found device 82540EM Gigabit Ethern...r (PRO/1000 MT Desktop Adapter).
[[0;32m  OK  [0m] Started Set console font and keymap.
[[0;32m  OK  [0m] Created slice system-getty.slice.
[[0;32m  OK  [0m] Listening on Load/Save RF Kill Switch Status /dev/rfkill Watch.
[[0;32m  OK  [0m] Started Tell Plymouth To Write Out Runtime Data.
[[0;32m  OK  [0m] Started LSB: AppArmor initialization.
[   52.734039] cloud-init[484]: Cloud-init v. 0.7.8 running 'init-local' at Tue, 14 Feb 2017 18:11:53 +0000. Up 51.91 seconds.
[[0;32m  OK  [0m] Started Initial cloud-init job (pre-networking).
[[0;32m  OK  [0m] Reached target Network (Pre).
         Starting Raise network interfaces...
[[0;32m  OK  [0m] Started ifup for enp0s3.
[[0;32m  OK  [0m] Started Raise network interfaces.
         Starting Initial cloud-init job (metadata service crawler)...
[[0;32m  OK  [0m] Reached target Network.
[   55.597363] cloud-init[1084]: Cloud-init v. 0.7.8 running 'init' at Tue, 14 Feb 2017 18:11:56 +0000. Up 54.63 seconds.
[   55.619205] cloud-init[1084]: ci-info: +++++++++++++++++++++++++++++++++++++Net device info++++++++++++++++++++++++++++++++++++++
[   55.647961] cloud-init[1084]: ci-info: +--------+------+----------------------------+---------------+-------+-------------------+
[   55.653791] cloud-init[1084]: ci-info: | Device |  Up  |          Address           |      Mask     | Scope |     Hw-Address    |
[   55.673487] cloud-init[1084]: ci-info: +--------+------+----------------------------+---------------+-------+-------------------+
[   55.698146] cloud-init[1084]: ci-info: | enp0s3 | True |         10.0.2.15          | 255.255.255.0 |   .   | 02:e4:5b:1a:6e:ce |
[   55.729401] cloud-init[1084]: ci-info: | enp0s3 | True | fe80::e4:5bff:fe1a:6ece/64 |       .       |  link | 02:e4:5b:1a:6e:ce |
[   55.795770] [[0;32m  OK  [0m] cloud-init[1084]: ci-info: |   lo   | True |         127.0.0.1          |   255.0.0.0   |   .   |         .         |
Started Initial cloud-init job (metadata service crawler).
[   55.801537] cloud-init[1084]: ci-info: |   lo   | True |          ::1/128           |       .       |  host |         .         |
[[0;32m  OK  [0m] Reached target System Initialization.
[   55.883531] cloud-init[1084]: ci-info: +--------+------+----------------------------+---------------+-------+-------------------+
[   55.953110] cloud-init[1084]: ci-info: +++++++++++++++++++++++++++Route IPv4 info++++++++++++++++++++++++++++
[[0;32m  OK  [0m] Started Timer to automatically refresh installed snaps.
[   55.953977] cloud-init[1084]: ci-info: +-------+-------------+----------+---------------+-----------+-------+
[   56.039537] cloud-init[1084]: ci-info: | Route | Destination | Gateway  |    Genmask    | Interface | Flags |
[[   56.065436] cloud-init[0;32m  OK  [0m[1084]: ] ci-info: +-------+-------------+----------+---------------+-----------+-------+Started Daily Cleanup of Temporary Directories.

[   56.066861] cloud-init[1084]: [ci-info: |   0   |   0.0.0.0   | 10.0.2.2 |    0.0.0.0    |   enp0s3  |   UG  |[0;32m  OK  [0m
] Started Daily apt activities.
[   56.116691] cloud-init[1084]: ci-info: |   1   |   10.0.2.0  | 0.0.0.0  | 255.255.255.0 |   enp0s3  |   U   |[
[0;32m  OK  [0m] Reached target Timers.
[   56.151669] cloud-init[1084]: ci-info: +-------+-------------+----------+---------------+-----------+-------+
[[0;32m  OK  [0m] Started Trigger resolvconf update for networkd DNS.
         Starting LXD - unix socket.
[[0;32m  OK  [0m] Listening on D-Bus System Message Bus Socket.
[[0;32m  OK  [0m] Started ACPI Events Check.
[[0;32m  OK  [0m] Reached target Paths.
[[0;32m  OK  [0m] Listening on ACPID Listen Socket.
         Starting Socket activation for snappy daemon.
[[0;32m  OK  [0m] Listening on UUID daemon activation socket.
         Starting Docker Socket for the API.
[[0;32m  OK  [0m] Reached target Network is Online.
         Starting iSCSI initiator daemon (iscsid)...
[[0;32m  OK  [0m] Reached target Cloud-config availability.
[[0;32m  OK  [0m] Listening on LXD - unix socket.
[[0;32m  OK  [0m] Listening on Socket activation for snappy daemon.
[[0;32m  OK  [0m] Listening on Docker Socket for the API.
[[0;32m  OK  [0m] Reached target Sockets.
[[0;32m  OK  [0m] Reached target Basic System.
         Starting Docker Application Container Engine...
         Starting Login Service...
         Starting Accounts Service...
[[0;32m  OK  [0m] Started D-Bus System Message Bus.
[[0;32m  OK  [0m] Started Snappy daemon.
         Starting Auto import assertions from block devices...
         Starting /etc/rc.local Compatibility...
[[0;32m  OK  [0m] Started FUSE filesystem for LXC.
         Starting LSB: MD monitoring daemon...
         Starting LSB: Record successful boot for GRUB...
[[0;32m  OK  [0m] Started Deferred execution scheduler.
         Starting OpenBSD Secure Shell server...
         Starting Apply the settings specified in cloud-config...
[[0;32m  OK  [0m] Started ACPI event daemon.
         Starting LXD - container startup/shutdown...
         Starting Thermal Daemon Service...
[[0;32m  OK  [0m] Started Regular background program processing daemon.
         Starting System Logging Service...
[[0;32m  OK  [0m] Started OpenBSD Secure Shell server.
[[0;32m  OK  [0m] Started iSCSI initiator daemon (iscsid).
[[0;32m  OK  [0m] Started Auto import assertions from block devices.
[[0;32m  OK  [0m] Started /etc/rc.local Compatibility.
[[0;32m  OK  [0m] Started LXD - container startup/shutdown.
[[0;32m  OK  [0m] Started System Logging Service.
[[0;32m  OK  [0m] Started Thermal Daemon Service.
[[0;32m  OK  [0m] Started LSB: Record successful boot for GRUB.
[[0;32m  OK  [0m] Started LSB: MD monitoring daemon.
[[0;32m  OK  [0m] Started Login Service.
         Starting Authenticate and Authorize Users to Run Privileged Tasks...
         Starting Login to default iSCSI targets...
[[0;32m  OK  [0m] Started Authenticate and Authorize Users to Run Privileged Tasks.
[[0;32m  OK  [0m] Started Accounts Service.
[[0;32m  OK  [0m] Started Login to default iSCSI targets.
[[0;32m  OK  [0m] Reached target Remote File Systems (Pre).
[[0;32m  OK  [0m] Reached target Remote File Systems.
         Starting LSB: daemon to balance interrupts for SMP systems...
         Starting LSB: Set up cgroupfs mounts....
         Starting LSB: VirtualBox Linux Additions...
         Starting Permit User Sessions...
         Starting LSB: Set the CPU Frequency Scaling governor to "ondemand"...
         Starting LSB: automatic crash report generation...
[[0;32m  OK  [0m] Started LSB: Set up cgroupfs mounts..
[[0;32m  OK  [0m] Started Permit User Sessions.
[[0;32m  OK  [0m] Started LSB: daemon to balance interrupts for SMP systems.
         Starting Hold until boot process finishes up...
         Starting Terminate Plymouth Boot Screen...
[[0;32m  OK  [0m] Started LSB: Set the CPU Frequency Scaling governor to "ondemand".
[[0;32m  OK  [0m] Started LSB: automatic crash report generation.
[[0;32m  OK  [0m] Started Hold until boot process finishes up.
[[0;32m  OK  [0m] Started Terminate Plymouth Boot Screen.
[[0;32m  OK  [0m] Started LSB: VirtualBox Linux Additions.
[[0;32m  OK  [0m] Created slice User Slice of ubuntu.
         Starting User Manager for UID 1000...
[[0;32m  OK  [0m] Started Getty on tty1.
         Starting Set console scheme...
[[0;32m  OK  [0m] Started Serial Getty on ttyS0.
[[0;32m  OK  [0m] Reached target Login Prompts.
[[0;32m  OK  [0m] Started Set console scheme.
[[0;32m  OK  [0m] Started User Manager for UID 1000.
[[0;32m  OK  [0m] Started Session 1 of user ubuntu.
[   59.095517] cloud-init[1182]: Cloud-init v. 0.7.8 running 'modules:config' at Tue, 14 Feb 2017 18:12:00 +0000. Up 58.87 seconds.
[[0;32m  OK  [0m] Started Apply the settings specified in cloud-config.
         Stopping User Manager for UID 1000...
[[0;32m  OK  [0m] Stopped User Manager for UID 1000.
[[0;32m  OK  [0m] Removed slice User Slice of ubuntu.

Ubuntu 16.04.2 LTS nomad ttyS0

nomad login: [   90.933123] cloud-init[1644]: Cloud-init v. 0.7.8 running 'modules:final' at Tue, 14 Feb 2017 18:12:32 +0000. Up 90.73 seconds.
[   90.933770] cloud-init[1644]: Cloud-init v. 0.7.8 finished at Tue, 14 Feb 2017 18:12:32 +0000. Datasource DataSourceNoCloud [seed=/dev/sdb][dsmode=net].  Up 90.91 seconds
[  828.480192] sd 2:0:0:0: [sda] tag#0 Medium access timeout failure. Offlining disk!
[  838.842555] blk_update_request: I/O error, dev sda, sector 4185320
[  838.886756] sd 2:0:0:0: rejecting I/O to offline device
[  839.812966] sd 2:0:0:0: rejecting I/O to offline device
[  841.235408] Buffer I/O error on device sda1, logical block 283666
[  842.626072] sd 2:0:0:0: rejecting I/O to offline device
[  844.036599] Buffer I/O error on device sda1, logical block 284181
[  845.640314] sd 2:0:0:0: rejecting I/O to offline device
[  847.149492] blk_update_request: I/O error, dev sda, sector 3602864
[  847.149506] blk_update_request: I/O error, dev sda, sector 2271336
[  847.149513] Buffer I/O error on device sda1, logical block 283661
[  847.149520] Buffer I/O error on device sda1, logical block 283662
[  847.149540] Aborting journal on device sda1-8.
[  847.149548] sd 2:0:0:0: rejecting I/O to offline device
[  847.149552] JBD2: Error -5 detected when updating journal superblock for sda1-8.
[  847.152273] EXT4-fs error (device sda1) in ext4_reserve_inode_write:5128: Journal has aborted
[  847.152289] sd 2:0:0:0: rejecting I/O to offline device
[  847.152298] EXT4-fs error (device sda1) in ext4_dirty_inode:5251: Journal has aborted
[  847.152299] EXT4-fs (sda1): previous I/O error to superblock detected
[  847.152456] sd 2:0:0:0: rejecting I/O to offline device
[  847.152464] EXT4-fs (sda1): previous I/O error to superblock detected
[  847.152467] sd 2:0:0:0: rejecting I/O to offline device
[  847.152469] EXT4-fs error (device sda1): ext4_journal_check_start:56: Detected aborted journal
[  847.152470] EXT4-fs (sda1): Remounting filesystem read-only
[  847.152471] EXT4-fs (sda1): previous I/O error to superblock detected
[  847.152472] sd 2:0:0:0: rejecting I/O to offline device
[  847.152981] sd 2:0:0:0: rejecting I/O to offline device
[  847.153324] sd 2:0:0:0: rejecting I/O to offline device
[  847.153336] sd 2:0:0:0: rejecting I/O to offline device
[  847.175008] sd 2:0:0:0: rejecting I/O to offline device
[  847.175018] sd 2:0:0:0: rejecting I/O to offline device
[  847.183341] sd 2:0:0:0: rejecting I/O to offline device
[  847.183350] sd 2:0:0:0: rejecting I/O to offline device
[  847.183357] sd 2:0:0:0: rejecting I/O to offline device
[  847.225815] sd 2:0:0:0: rejecting I/O to offline device
[  847.226449] sd 2:0:0:0: rejecting I/O to offline device
[  847.226459] sd 2:0:0:0: rejecting I/O to offline device
[  847.226507] sd 2:0:0:0: rejecting I/O to offline device
[  848.137879] blk_update_request: I/O error, dev sda, sector 3602712
[  936.829430] sd 2:0:0:0: rejecting I/O to offline device
[  936.885751] sd 2:0:0:0: rejecting I/O to offline device
[  936.924059] sd 2:0:0:0: rejecting I/O to offline device
