[    0.0000] nitializing cgroup subsy cuset
    .00000 Initialiing cgrop ubsys cpu
[    0.000000] Initalizi cgroup subsys cpuacct
[    0.000000] Linux version 4.4.0-62-generic (buildd@lcy01-30) (gcc version 5.4.0 20160609 (Ubuntu 5.4.0-6ubuntu1~16.04.4) ) #83-Ubuntu SMP Wed Jan 18 14:10:15 UTC 2017 (Ubuntu 4.4.0-62.83-generic 4.4.40)
[    0.000000] Command line: BOOT_IMAGE=/boot/vmlinuz-4.4.0-62-generic root=UUID=8ca31236-1b14-47d1-a491-527b2dc859dc ro console=tty1 console=ttyS0
[    0.000000] KERNEL supported cpus:
[    0.000000]   Intel GenuinIntel
[    0.000000]  AMD AuthenticAMD
[    0.000000]   Centaur CentaurHauls
[    0.000000] x86/fpu: xstate_offset[2]:  576, xstate_sizes[2]:  256
[    0.000000] x86/fpu: Supporting XSAVE feature 0x01: 'x87 floating point registers'
[    0.000000] x86/fpu: Supporting XSAVE eature 0x02: SSE registers'
[    0.000000]  x86/fpu: Supporting XSAVE feature 0x04: 'VX registrs'
[    0.0000] x8/fpu: nabled xstate features 0x7, onext size  832 bytes, using 'standard' formt.
[    0.000000] x8/fpu: Using 'lazy' FPU context switches.
[    0.000000] e820: BIOS-provided physical AM map:
[  0.0000] BOS-e820: [mm 00x0000000000000-0x000000000009fbff] usable
[    0000000] BIOSe820: [em 0x000000000009fc00-0x00000000009ffff] reserved
[    0.0000] BIOS-e820: [mem 0x00000000000f0000-0x00000000000fffff] reserved
[    0.00000] BIOS-82: [mem 0x0000000000100000-0x000000003ffeffff] usable
[    0.000000] BIOS-e820: [mem 0x000000003fff0000-0x000000003fffffff] ACPI data
[    0.000000] BIOS-e820: [mem 0x00000000fffc0000-0x00000000ffffffff] reserved
[    0.000000] NX (Execute Disable) protection: active
[    0.000000] SMBIOS 2.5 present.
[    0.000000] Hypervisor detected: KVM
[    0.000000] e820: last_pfn = 0x3ff0 max_arch_pfn = 0x400000000
[    0.000000] MTRR: Disabled
[    0.000000] x86/PAT: MTRRdisabled, skipping PAT initialization too.
[    0.000000] x86/PAT: Configuration [0-7]: WB  WT  UC- UC  WB  WT  UC- UC  
[    0.000000] CPU MTRRs all blank - virtualized system.
[    0.000000] found SMP MP-table a [mem 0x0009ff0-0x0009ffff] mapped at [ffff88000009fff0]
[    0.000000] Scanning 1 areas for low memory corruption
[    0.000000] RAMDISK: [mem 0x338dc000-0x35c65fff]
[    0.000000] ACPI: Early table checksum verification disabled
[    0.000000] ACPI: RSDP 0x00000000000E0000 000024 (v02 VBOX  )
[    0.000000] ACPI: XSDT 0x000000003FFF0030 00003C (v01 VBOX   VBOXXSDT 00000001 ASL  00000061)
[    0.000000] ACPI: FACP 0x000000003FFF00F0 0000F4 (v04 VBOX   VBOXFACP 00000001 ASL  0000061)
[   0.00000] ACPI: DSDT 0x000000003FFF0470 002106 (v01 VBOX   VBOXBIOS 00000002 INTL 20100528)
[    0.0000] ACPI: FACS 0x000000003FFF0200 000040
[    0.000000] ACPI: FACS 0x000000003FFF0200 000040
[    0.000000] ACPI: APIC 0x000000003FFF0240 00005C (v02 VBOX   VBOXAPIC 00000001 ASL  00000061)
[    0.000000] ACPI: SSDT 0x000000003FFF02A0 0001CC (v01 VBOX   VBOXCPUT 00000002 INTL 20100528)
[    0.000000] No NUMA configuration found
[    0.000000] Faking a noe at [mem 0x0000000000000-0x0000000ffeffff]
[    0.000000] NODE_DATA(0) allocated [mem 0x3ffeb000-0x3ffeffff]
[    0.000000] kvm-clock: Using msrs 4b564d01 and 4b564d00
[    0.000000] kvm-clock: cpu 0, msr 0:3ffe3001, primary cpu clock
[    0.000000] kvm-clock: using sched offset of 5578680407 cycles
[    0.000000] clocksource: kvm-clock: mask: 0xffffffffffffffff max_cycles: 0x1cd42e4dffb, max_idle_ns: 881590591483 ns
[    0.000000] Zone ranges:
[    0.000000]   DMA      [mem 0x0000000000001000-0x0000000000ffffff]
[    0000000]   MA32   [mem 000000001000000-0x000000003ffeffff]
[   0.000000]   Nomal empty
[    0.000000]   Device   empty
[    0.000000] Movable zone start for each node
[    0.000000] Early memory node ranges
[    0.000000]   node  0 [mem 0x0000000000001000-0x000000000009efff]
[    0.000000]   node   0: [mem 0x0000000000100000-0x000000003ffeffff]
[    0.000000] Initmem setup node 0 [mem 0x000000000001000-0x000000003ffeffff]
[   0.000000] ACPI: PM-Timer IO Port: 0x4008
[    0.000000] IOAPIC[0]: apic_id 2, version17, address 0xfec0000 GSI 0-23
[    0.000000] ACPI: INT_SRC_OVR (bus 0 bus_irq 0 gllob_irq 2 dfl dfl)
[    0.000000] ACPI: IT_SRC_OVR (bus 0 busrq 9 global_irq 9 high level)
[   0.000000] Using ACPI (MADT) for SMP configuration information
[    0.000000] smpboot: Allowing 2 CPUs, 0 hotplug CPUs
[    0.000000] PM: Registered nosave memory: [mem 0x00000000-0x00000fff]
[    0.000000] PM: Registered nosave memory: [mem 0x0009f000-0x0009ffff]
[    0.000000] PM: Registered nosave memory: [mem 0x000a0000-0x000effff]
[    0.000000] PM: Registerd nosve memory: [mem0x000000-0000ffff]
[    0.00000] e820: [mem 0x4000000-0xfffbffff] available for PCI devices
[    0.000000] Booting paravirtualized kernel on KVM
[    0.000000] clocksource: refined-jiffies: mask: 0xffffffff max_cycles: 0xffffffff, max_idle_ns: 7645519600211568 ns
[    0.000000] setup_percpu: NR_CPUS:512 nr_cpumask_bits:512 nr_cpu_ids:2 nr_node_ids:1
[    0.000000] PERCPU: Embedded 33 pages/cpu @ffff88003fc00000 s98264 r8192 d28712 u1048576
[    0.000000] PV qspinlock hash table entries: 256 (order: 0, 4096 bytes)
[    0.000000] Built 1 zonelists in Node order, mobility grouping on.  Total pages: 257913
[    0.00000] Policy zoone: DMA32
[    0.000000] Kenel command lie: BOOT_IMAGE=/boot/vmlinuz-4.4.0-62-generic root=UUID=8ca31236-1b14-47d1-a491-527b2dc8559dc ro console=tty1 console=ttyS0
[    0.0000] PID hash table entries: 4096 (order: 3, 32768 bytes)
[    0.000000] Memory: 976188K/1048120K available (8436K kernel code, 1291K rwdata, 3960K rodata, 1488K init, 1316K bss, 71932K reserved, 0K cma-reserved)
[    0.000000] SLUB: HWalign=64, Order=0-3, MinObjects=0, CPUs=2, Nodes=1
[    0.000000] Hierarchical RCU implementation.
[    0.000000] 	Build-time adjustment of leaf fanout to 64.
[    0.000000] 	RCU restricting CPUs from NR_CPUS=512 to nr_cpu_ids=2.
[    0.000000] RCU: Adjusting geometry for rcu_fanout_leaf=64, nr_cpu_ids=2
[    0.000000] NR_IRQS:33024 nr_irqs:440 16
[    0.000000] Console: colour VGA+ 80x25
[    0.000000] console [tty1] enabled
[    0.000000] console [ttyS0] enabled
[    0.00000] tsc: Detected 2000.000 MHz processor
[    4.136175] Calibrating delay loop (skipped) preset value.. 4000.00 BogoMIPS (lpj=8000000)
[    4.138792] pid_max: default: 32768 minimum: 301
[    4.142001] ACPI: Core revision 20150930
[    4.157036] ACPI: 2 ACPI AML tables successfully acquired and loaded
[    4.163599] Security Framework initialized
[    4.171378] Yama: becoming mindful.
[    4.179465] AppArmor: AppArmor initialized
[    4.186078] Dentry cache hash table entries: 131072 (order: 8, 1048576 bytes)
[    4.197611] Inode-cache hash table entries: 65536 (order: 7, 524288 bytes)
[    4.207345] Mount-cache hash table entries: 2048 (order: 2, 16384 bytes)
[    4.223175] Mountpoint-cache hash table entries: 2048 (order: 2, 16384 bytes)
[    4.243790] Initializing cgroup subsys io
[    4.251445] Initializing cgroup subsys memory
[    4.254640] Initializing cgroup subsys devices
[    4.256326] Initializing cgroup subsys freezer
[    4.258366] Initializing cgroup subsys net_cls
[    4.259749] Initializing cgroup subsys perf_event
[    4.261313] Initializing cgroup subsys net_prio
[    4.265169] Initializing cgroup subsys hugetlb
[    4.272861] Initializing cgroup subsys pids
[    4.274595] CPU: Physical Processor ID: 0
[    4.276234] CPU: Processor Core ID: 0
[    4.278983] mce: CPU supports 0 MCE banks
[    4.280351] Last level iTLB entries: 4KB 1024, 2MB 1024, 4MB 1024
[    4.283055] Last level dTLB entries: 4KB 1024, 2MB 1024, 4MB 1024, 1GB 4
[    4.288111] Freeing SMP alternatives memory: 32K (ffffffff820b8000 - ffffffff820c0000)
[    4.334847] ftrace: allocating 32065 entries in 126 pages
[    4.418592] smpboot: APIC(0) Converting physical 0 to logical package 0
[    4.477642] smpboot: Max logical packages: 1
[    4.513259] ..TIMER: vector=0x30 apic1=0 pin1=2 apic2=-1 pin2=-1
[    4.664588] smpboot: CPU0: Intel(R) Core(TM) i5-4260U CPU @ 1.40GHz (family: 0x6, model: 0x45, stepping: 0x1)
[    4.729122] Performance Events: unsupported p6 CPU model 69 no PMU driver, software events only.
[    4.762200] KVM setup paravirtual spinlock
[    4.808760] x86: Booting SMP configuration:
[    4.841087] .... node  #0, CPUs:      #1
[    4.883866] kvm-clock: cpu 1, msr 0:3ffe3041, secondary cpu clock
[    4.890078] mce: CPU supports 0 MCE banks
[    4.896016] x86: Booted up 1 node, 2 CPUs
[    4.898875] smpboot: Total of 2 processors activated (8000.00 BogoMIPS)
[    4.922791] devtmpfs: initialized
[    4.965516] evm: security.selinux
[    5.017407] evm: security.SMACK64
[    5.078526] evm: security.SMACK64EXEC
[    5.101163] evm: security.SMACK64TRANSMUTE
[    5.137371] evm: security.SMACK64MMAP
[    5.161144] evm: security.ima
[    5.177794] evm: security.capability
[    5.179364] clocksource: jiffies: mask: 0xffffffff max_cycles: 0xffffffff, max_idle_ns: 7645041785100000 ns
[    5.206745] pinctrl core: initialized pinctrl subsystem
[    5.246180] RTC time:  8:27:36, date: 02/13/17
[    5.271188] NET: Registered protocol family 16
[    5.300806] cpuidle: using governor ladder
[    5.340262] cpuidle: using governor menu
[    5.369284] PCCT header not found.
[    5.397423] ACPI: bus type PCI registered
[    5.405946] acpiphp: ACPI Hot Plug PCI Controller Driver version: 0.5
[    5.442009] PCI: Using configuration type 1 for base access
[    5.499288] ACPI: Added _OSI(Module Device)
[    5.520268] ACPI: Added _OSI(Processor Device)
[    5.538698] ACPI: Added _OSI(3.0 _SCP Extensions)
[    5.557393] ACPI: Added _OSI(Processor Aggregator Device)
[    5.560018] ACPI: Executed 1 blocks of module-level executable AML code
[    5.599799] ACPI: Interpreter enabled
[    5.630479] ACPI: (supports S0 S5)
[    5.638630] ACPI: Using IOAPIC for interrupt routing
[    5.640140] PCI: Using host bridge windows from ACPI; if necessary, use "pci=nocrs" and report a bug
[    5.676280] ACPI: PCI Root Bridge [PCI0] (domain 0000 [bus 00-ff])
[    5.721783] acpi PNP0A03:00: _OSC: OS supports [ASPM ClockPM Segments MSI]
[    5.774943] acpi PNP0A03:00: _OSC failed (AE_NOT_FOUND); disabling ASPM
[    5.784150] acpi PNP0A03:00: fail to add MMCONFIG information, can't access extended PCI configuration space under this bridge.
[    5.792324] PCI host bridge to bus 0000:00
[    5.794800] pci_bus 0000:00: root bus resource [io  0x0000-0x0cf7 window]
[    5.798483] pci_bus 0000:00: root bus resource [io  0x0d00-0xffff window]
[    5.810328] pci_bus 0000:00: root bus resource [mem 0x000a0000-0x000bffff window]
[    5.832534] pci_bus 0000:00: root bus resource [mem 0x40000000-0xffdfffff window]
[    5.846750] pci_bus 0000:00: root bus resource [bus 00-ff]
[    5.868769] pci 0000:00:01.1: legacy IDE quirk: reg 0x10: [io  0x01f0-0x01f7]
[    5.882153] pci 0000:00:01.1: legacy IDE quirk: reg 0x14: [io  0x03f6]
[    5.898537] pci 0000:00:01.1: legacy IDE quirk: reg 0x18: [io  0x0170-0x0177]
[    5.900550] pci 0000:00:01.1: legacy IDE quirk: reg 0x1c: [io  0x0376]
[    5.938663] ACPI: PCI Interrupt Link [LNKA] (IRQs 5 9 10 11) *0, disabled.
[    5.962849] ACPI: PCI Interrupt Link [LNKB] (IRQs 5 9 10 *11)
[    5.987688] ACPI: PCI Interrupt Link [LNKC] (IRQs 5 9 *10 11)
[    6.013948] ACPI: PCI Interrupt Link [LNKD] (IRQs 5 *9 10 11)
[    6.050222] ACPI: Enabled 2 GPEs in block 00 to 07
[    6.061655] vgaarb: setting as boot device: PCI:0000:00:02.0
[    6.073586] vgaarb: device added: PCI:0000:00:02.0,decodes=io+mem,owns=io+mem,locks=none
[    6.164866] vgaarb: loaded
[    6.211935] vgaarb: bridge control possible 0000:00:02.0
[    6.228608] SCSI subsystem initialized
[    6.237033] ACPI: bus type USB registered
[    6.241599] usbcore: registered new interface driver usbfs
[    6.247245] usbcore: registered new interface driver hub
[    6.257561] usbcore: registered new device driver usb
[    6.274604] PCI: Using ACPI for IRQ routing
[    6.278500] NetLabel: Initializing
[    6.289785] NetLabel:  domain hash size = 128
[    6.298703] NetLabel:  protocols = UNLABELED CIPSOv4
[    6.308300] NetLabel:  unlabeled traffic allowed by default
[    6.322560] amd_nb: Cannot enumerate AMD northbridges
[    6.333434] clocksource: Switched to clocksource kvm-clock
[    6.347165] ppArmor: AppArmor Filesystem Enaled
[    6.442238] pnp: PnP ACPI init
[   .4434] pnp: PnP ACPI: found 3 devices

[  6.58499] clocksource: acpi_pm: mask: 0xffffff max_cycles: 0xffffff, max_idle_ns: 208571024 ns
[    6.75646] T: Registered protool amily 2

[    6.933875] TCP established hash table entries: 8192 (order: 4, 65536 bytes)
[    6.935902] TCP bind hash table entries: 8192 (order: 5, 131072 bytes)
[    6.937777] TCP: Hash tbls cnfgud (estblished 8192 bind 8192)
[    7.186284] UDP hash table entries: 512 (order: 2, 16384 bytes)
[   .1077] UDP-Lite hash table entries: 512 (order: , 1638 bytes)
[    7.480433] NET: Rgistered protoco fily 
[  7.679549] pci 0000:00:0. Limiting direct PCI/PCI tnsfers
[   7.964355] pci 0000:00:01.0: Actvating ISA DMA hang workarounds
[  8.072832] Tryng to unpack rootfs image as initramfs...

[    9.434329] Freeing initrd memory: 36392K (ffff8800338dc000 - ffff880035c66000)
[    9.463552] RAPL PMU detected, API unit is 2^-32 Joules, 4 fixed counters 10737418240 ms ovfl timer
[    9.482006] hw unit of domain pp0-core 2^-0 Joules
[    9.489800] hw unit of domain package 2^-0 Joules
[    9.497383] hw unit of domain dram 2^-0 Joules
[    9.498817] hw unit of domain pp1-gpu 2^-0 Joules
[    9.500347] platform rtc_cmos: registered platform RTC device (no PNP device found)
[    9.503952] Scanning for low memory corruption every 60 seconds
[    9.508879] futex hash table entries: 512 (order: 3, 32768 bytes)
[    9.514292] audit: initializing netlink subsys (disabled)
[    9.517912] audit: type=2000 audit(1486974462.653:1): initialized
[    9.531779] Initialise system trusted keyring
[    9.545893] HugeTLB registered 2 MB page size, pre-allocated 0 pages
[    9.563485] zbud: loaded
[    9.576437] VFS: Disk quotas dquot_6.6.0
[    9.584871] VFS: Dquot-cache hash table entries: 512 (order 0, 4096 bytes)
[    9.597554] squashfs: version 4.0 (2009/01/31) Phillip Lougher
[    9.607077] fuse init (API version 7.23)
[    9.611930] Key type big_key registered
[    9.620254] Allocating IMA MOK and blacklist keyrings.
[    9.638064] Key type asymmetric registered
[    9.643764] Asymmetric key parser 'x509' registered
[    9.650655] Block layer SCSI generic (bsg) driver version 0.4 loaded (major 249)
[    9.669462] io scheduler noop registered
[    9.680972] io scheduler deadline registered (default)
[    9.696465] io scheduler cfq registered
[    9.703851] pci_hotplug: PCI Hot Plug PCI Core version: 0.5
[    9.711942] pciehp: PCI Express Hot Plug Controller Driver version: 0.4
[    9.722938] ACPI: AC Adapter [AC] (on-line)
[    9.729786] input: Power Button as /devices/LNXSYSTM:00/LNXPWRBN:00/input/input0
[    9.742935] ACPI: Power Button [PWRF]
[    9.748790] input: Sleep Button as /devices/LNXSYSTM:00/LNXSLPBN:00/input/input1
[    9.769424] ACPI: Sleep Button [SLPF]
[    9.773804] GHES: HEST is not enabled!
[    9.774179] ACPI: Battery Slot [BAT0] (battery present)
[    9.778100] Serial: 8250/16550 driver, 32 ports, IRQ sharing enabled
[    9.806186] 00:02: ttyS0 at I/O 0x3f8 (irq = 4, base_baud = 115200) is a 16550A
[    9.826597] Linux agpgart interface v0.103
[    9.855701] brd: module loaded
[    9.872773] loop: module loaded
[    9.880812] scsi host0: ata_piix
[    9.893000] scsi host1: ata_piix
[    9.894344] ata1: PATA max UDMA/33 cmd 0x1f0 ctl 0x3f6 bmdma 0xd000 irq 14
[    9.897192] ata2: PATA max UDMA/33 cmd 0x170 ctl 0x376 bmdma 0xd008 irq 15
[    9.899405] libphy: Fixed MDIO Bus: probed
[    9.900888] tun: Universal TUN/TAP device driver, 1.6
[    9.902470] tun: (C) 1999-2004 Max Krasnyansky <maxk@qualcomm.com>
[    9.904734] PPP generic driver version 2.4.2
[    9.906327] ehci_hcd: USB 2.0 'Enhanced' Host Controller (EHCI) Driver
[    9.925042] ehci-pci: EHCI PCI platform driver
[    9.942098] ehci-platform: EHCI generic platform driver
[    9.968006] ohci_hcd: USB 1.1 'Open' Host Controller (OHCI) Driver
[   10.033024] ohci-pci: OHCI PCI platform driver
[   10.060330] ohci-platform: OHCI generic platform driver
[   10.095252] uhci_hcd: USB Universal Host Controller Interface driver
[   10.107977] i8042: PNP: PS/2 Controller [PNP0303:PS2K,PNP0f03:PS2M] at 0x60,0x64 irq 1,12
[   10.123435] serio: i8042 KBD port at 0x60,0x64 irq 1
[   10.126410] serio: i8042 AUX port at 0x60,0x64 irq 12
[   10.128119] mousedev: PS/2 mouse device common for all mice
[   10.131081] rtc_cmos rtc_cmos: rtc core: registered rtc_cmos as rtc0
[   10.141971] input: AT Translated Set 2 keyboard as /devices/platform/i8042/serio0/input/input2
[   10.145921] rtc_cmos rtc_cmos: alarms up to one day, 114 bytes nvram
[   10.149327] i2c /dev entries driver
[   10.155870] device-mapper: uevent: version 1.0.3
[   10.162112] device-mapper: ioctl: 4.34.0-ioctl (2015-10-28) initialised: dm-devel@redhat.com
[   10.174269] ledtrig-cpu: registered to indicate activity on CPUs
[   10.187944] NET: Registered protocol family 10
[   10.195098] NET: Registered protocol family 17
[   10.201042] Key type dns_resolver registered
[   10.206795] microcode: CPU0 sig=0x40651, pf=0x40, revision=0x0
[   10.225141] microcode: CPU1 sig=0x40651, pf=0x40, revision=0x0
[   10.232684] microcode: Microcode Update Driver: v2.01 <tigran@aivazian.fsnet.co.uk>, Peter Oruba
[   10.249145] registered taskstats version 1
[   10.253916] Loading compiled-in X.509 certificates
[   10.256157] Loaded X.509 cert 'Build time autogenerated kernel key: a630254739635d6fdc487c9f0afa5d9a0ff04f04'
[   10.262369] zswap: loaded using pool lzo/zbud
[   10.267678] Key type trusted registered
[   10.281204] Key type encrypted registered
[   10.285546] AppArmor: AppArmor sha1 policy hashing enabled
[   10.288919] ima: No TPM chip found, activating TPM-bypass!
[   10.298336] evm: HMAC attrs: 0x1
[   10.306267]   Magic number: 5:723:472
[   10.311993] acpi LNXSYSTM:00: hash matches
[   10.319414] rtc_cmos rtc_cmos: setting system clock to 2017-02-13 08:27:41 UTC (1486974461)
[   10.336638] BIOS EDD facility v0.16 2004-Jun-25, 0 devices found
[   10.347238] EDD information not available.
[   10.361302] Freeing unused kernel memory: 1488K (ffffffff81f44000 - ffffffff820b8000)
[   10.373118] Write protecting the kernel read-only data: 14336k
[   10.388220] Freeing unused kernel memory: 1792K (ffff880001840000 - ffff880001a00000)
[   10.392024] Freeing unused kernel memory: 136K (ffff880001dde000 - ffff880001e00000)
Loading, please wait...
starting version[   10.415277] random: systemd-udevd: uninitialized urandom read (16 bytes read, 3 bits of entropy available)
 229
[   10.415886] random: udevadm: uninitialized urandom read (16 bytes read, 3 bits of entropy available)
[   10.415928] random: udevadm: uninitialized urandom read (16 bytes read, 3 bits of entropy available)
[   10.416148] random: udevadm: uninitialized urandom read (16 bytes read, 3 bits of entropy available)
[   10.416288] random: udevadm: uninitialized urandom read (16 bytes read, 3 bits of entropy available)
[   10.416405] random: udevadm: uninitialized urandom read (16 bytes read, 3 bits of entropy available)
[   10.416547] random: udevadm: uninitialized urandom read (16 bytes read, 3 bits of entropy available)
[   10.416688] random: udevadm: uninitialized urandom read (16 bytes read, 3 bits of entropy available)
[   10.416775] random: udevadm: uninitialized urandom read (16 bytes read, 3 bits of entropy available)
[   10.416858] random: udevadm: uninitialized urandom read (16 bytes read, 3 bits of entropy available)
[   10.501519] tsc: Refined TSC clocksource calibration: 2001.115 MHz
[   10.501522] clocksource: tsc: mask: 0xffffffffffffffff max_cycles: 0x1cd84b90e6d, max_idle_ns: 440795280892 ns
[   10.673392] ACPI: Video Device [GFX0] (multi-head: yes  rom: no  post: no)
[   10.833846] input: Video Bus as /devices/LNXSYSTM:00/LNXSYBUS:00/PNP0A03:00/LNXVIDEO:00/input/input4
[   10.912235] FUJITSU Extended Socket Network Device Driver - version 1.0 - Copyright (c) 2015 FUJITSU LIMITED
[   10.925016] e1000: Intel(R) PRO/1000 Network Driver - version 7.3.21-k8-NAPI
[   10.943752] e1000: Copyright (c) 1999-2006 Intel Corporation.
[   10.994749] Fusion MPT base driver 3.04.20
[   11.009778] Copyright (c) 1999-2008 LSI Corporation
[   11.039306] Fusion MPT SPI Host driver 3.04.20
[   11.104356] AVX version of gcm_enc/dec engaged.
[   11.126926] AES CTR mode by8 optimization enabled
[   11.399402] input: ImExPS/2 Generic Explorer Mouse as /devices/platform/i8042/serio1/input/input5
[   12.435492] e1000 0000:00:03.0 eth0: (PCI:33MHz:32-bit) 02:e4:5b:1a:6e:ce
[   12.443776] e1000 0000:00:03.0 eth0: Intel(R) PRO/1000 Network Connection
[   12.546480] e1000 0000:00:03.0 enp0s3: renamed from eth0
[   12.581870] mptbase: ioc0: Initiating bringup
[   12.658125] ioc0: LSI53C1030 A0: Capabilities={Initiator}
[   12.837162] scsi host2: ioc0: LSI53C1030 A0, FwRev=00000000h, Ports=1, MaxQ=256, IRQ=20
[   12.951093] scsi 2:0:0:0: Direct-Access     VBOX     HARDDISK         1.0  PQ: 0 ANSI: 5
[   12.977595] scsi target2:0:0: Beginning Domain Validation
[   12.985613] scsi target2:0:0: Domain Validation skipping write tests
[   12.998190] scsi target2:0:0: Ending Domain Validation
[   13.008696] scsi target2:0:0: asynchronous
[   13.020253] scsi 2:0:1:0: Direct-Access     VBOX     HARDDISK         1.0  PQ: 0 ANSI: 5
[   13.034130] scsi target2:0:1: Beginning Domain Validation
[   13.062407] scsi target2:0:1: Domain Validation skipping write tests
[   13.101816] scsi target2:0:1: Ending Domain Validation
[   13.103706] scsi target2:0:1: asynchronous
[   13.135554] sd 2:0:0:0: [sda] 20971520 512-byte logical blocks: (10.7 GB/10.0 GiB)
[   13.180074] sd 2:0:0:0: Attached scsi generic sg0 type 0
[   13.189638] sd 2:0:1:0: [sdb] 20480 512-byte logical blocks: (10.5 MB/10.0 MiB)
[   13.189775] sd 2:0:1:0: Attached scsi generic sg1 type 0
[   13.216470] sd 2:0:0:0: [sda] Write Protect is off
[   13.223586] sd 2:0:0:0: [sda] Incomplete mode parameter data
[   13.223856] sd 2:0:1:0: [sdb] Write Protect is off
[   13.224110] sd 2:0:1:0: [sdb] Incomplete mode parameter data
[   13.224112] sd 2:0:1:0: [sdb] Assuming drive cache: write through
[   13.232071] sd 2:0:0:0: [sda] Assuming drive cache: write through
[   13.243813]  sda: sda1
[   13.245597] sd 2:0:1:0: [sdb] Attached SCSI disk
[   13.262577] sd 2:0:0:0: [sda] Attached SCSI disk
[   14.029912] floppy0: no floppy controllers found
Begin: Loading e[   16.456617] md: linear personality registered for level -1
ssential drivers ... [   16.496788] md: multipath personality registered for level -4
[   16.549991] md: raid0 personality registered for level 0
[   16.628692] md: raid1 personality registered for level 1
[   16.741577] raid6: sse2x1   gen()  5408 MB/s
[   16.873559] raid6: sse2x1   xor()  4060 MB/s
[   16.973767] raid6: sse2x2   gen()  7616 MB/s
[   17.085733] raid6: sse2x2   xor()  4499 MB/s
[   17.157687] raid6: sse2x4   gen()  6517 MB/s
[   17.249712] raid6: sse2x4   xor()  2094 MB/s
[   17.264358] raid6: using algorithm sse2x2 gen() 7616 MB/s
[   17.289992] raid6: .... xor() 4499 MB/s, rmw enabled
[   17.302829] raid6: using ssse3x2 recovery algorithm
[   17.321365] xor: automatically using best checksumming function:
[   17.417491]    avx       : 12256.000 MB/sec
[   17.440400] async_tx: api initialized (async)
[   17.485645] md: raid6 personality registered for level 6
[   17.488208] md: raid5 personality registered for level 5
[   17.497259] md: raid4 personality registered for level 4
[   17.514629] md: raid10 personality registered for level 10
done.
Begin: Running /scripts/init-premount ... done.
Begin: Mounting root file system ... Begin: Running /scripts/local-top ... done.
Begin: Running /scripts/local-premount ... [   17.591035] Btrfs loaded
Scanning for Btrfs filesystems
done.
Warning: fsck no[   17.676997] EXT4-fs (sda1): mounted filesystem with ordered data mode. Opts: (null)
t present, so skipping root file system
done.
Begin: Running /scripts/local-bottom ... done.
Begin: Running /scripts/init-bottom ... done.
[   17.900426] systemd[1]: systemd 229 running in system mode. (+PAM +AUDIT +SELINUX +IMA +APPARMOR +SMACK +SYSVINIT +UTMP +LIBCRYPTSETUP +GCRYPT +GNUTLS +ACL +XZ -LZ4 +SECCOMP +BLKID +ELFUTILS +KMOD -IDN)
[   17.989397] systemd[1]: Detected virtualization oracle.
[   18.021903] systemd[1]: Detected architecture x86-64.

Welcome to [1mUbuntu 16.04.2 LTS[0m!

[   18.069103] systemd[1]: Set hostname to <nomad>.
[   48.565532] mptscsih: ioc0: attempting task abort! (sc=ffff8800354c8600)
[   48.591530] sd 2:0:0:0: [sda] tag#1 CDB: Read(10) 28 00 00 07 33 60 00 00 08 00
[   48.717677] mptscsih: ioc0: task abort: FAILED (rv=2003) (sc=ffff8800354c8600)
[   48.759726] mptscsih: ioc0: attempting task abort! (sc=ffff88003d376000)
[   48.840680] sd 2:0:0:0: [sda] tag#14 CDB: Read(10) 28 00 00 00 3c 78 00 00 08 00
[   48.997696] mptscsih: ioc0: task abort: FAILED (rv=2003) (sc=ffff88003d376000)
[   49.018536] mptscsih: ioc0: attempting target reset! (sc=ffff8800354c8600)
[   49.050517] sd 2:0:0:0: [sda] tag#1 CDB: Read(10) 28 00 00 07 33 60 00 00 08 00
[   49.182190] mptscsih: ioc0: target reset: SUCCESS (sc=ffff8800354c8600)
[   49.327528] systemd[1]: Listening on Device-mapper event daemon FIFOs.
[[0;32m  OK  [0m] Listening on Device-mapper event daemon FIFOs.
[   49371967 systemd[1]: Listeningon Syslog Socket.
[[0;32m  OK  [0m] Listening on Syslog Socket.
[ 49.533989] systemd[1]: Listening on /dev/initctl Compatibility Naed Pipe.

[[0;32m  OK  [0m] Listening on /dev/initctl Compatibility Named Pipe.
[   49.672086] systemd[1]: Created slice User and Session Slice.
[[0;32m  OK  [0m] Created slice User and Session Slice.
[   49.676956] systemd[1]: Listening on udev Kernel Socket.
[[0;32m  OK  [0m] Listening on udev Kernel Socket.
[   49.682300] systemd[1]: Listening on LVM2 metadata daemon socket.
[[0;32m  OK  [0m] Listening on LVM2 metadata daemon socket.
[   49.686501] systemd[1]: Listening on Journal Socket (/dev/log).
[[0;32m  OK  [0m] Listening on Journal Socket (/dev/log).
[   49.690904] systemd[1]: Listening on LVM2 poll daemon socket.
[[0;32m  OK  [0m] Listening on LVM2 poll daemon socket.
[   49.700176] systemd[1]: Set up automount Arbitrary Executable File Formats File System Automount Point.
[[0;32m  OK  [0m] Set up automount Arbitrary Executab...ats File System Automount Point.
[   49.734311] systemd[1]: Reachd arget Encrypted Volumes.

[[0;32m  OK  [0m] Reached target Encrypted Volumes.
[   49.820895] systemd[1]: Started Forward Password Requests to Wall Directory Watch.
[[0;32m  OK  [0m] Started Forward Password Requests to Wall Directory Watch.
[   49.842936] systemd[1]: Listening on Journal Socket.
[[0;32m  OK  [0m] Listening on Journal Socket.
[   49.859000] systemd[1]: Reached target Swap.
[[0;32m  OK  [0m] Reached target Swap.
[   49.874960] systemd[1]: Listening on udev Control Socket.
[[0;32m  OK  [0m] Listening on udev Control Socket.
[   49.894841] systemd[1]: Listening on Journal Audit Socket.
[[0;32m  OK  [0m] Listening on Journal Audit Socket.
[   49.913879] systemd[1]: Created slice System Slice.
[[0;32m  OK  [0m] Created slice System Slice.
[   49.931958] systemd[1]: Created slice system-serial\x2dgetty.slice.
[[0;32m  OK  [0m] Created slice system-serial\x2dgetty.slice.
[   49.974383] systemd[1]: Starting Load Kernel Modules...
         Starting Load Kernel Modules...
[   49.996470] systemd[1]: Starting Monitoring of LVM2 mirrors, snapshots etc. using dmeventd or progress polling...
[   50.003027] Loading iSCSI transport class v2.0-870.
         Starting Monitoring of LVM2 mirrors... dmeventd or progress polling...
[   50.064803] iscsi: registered transport (tcp)
[   50.073718] systemd[1]: Mounting POSIX Message Queue File System...
         Mounting POSIX Message Queue File System...
[   50.103897] systemd[1]: Starting Uncomplicated firewall...
         Starting Uncomplicated firewall...
[   50.115982] systemd[1]: Reached target Slices.
[[0;32m  OK  [0m] Reached target Slices.
[   50.133274] systemd[1]: Starting Remount Root and Kernel File Systems...
         Startin[   50.169870] EXT4-fs (sda1): re-mounted. Opts: (null)
g Remount Root a[   50.263504] iscsi: registered transport (iser)
nd Kernel File Systems...
[   50.317695] systemd[1]: Mounting Debug File System...
         Mounting Debug File System...
[   50.351152] systemd[1]: Starting Journal Service...
[   50.352129] random: nonblocking pool is initialized
         Starting Journal Service...
[   50.382381] systemd[1]: Starting Nameserver information manager...
         Starting Nameserver information manager...
[   50.437719] systemd[1]: Starting Create list of required static device nodes for the current kernel...
         Starting Create list of required st... nodes for the current kernel...
[   50.565681] systemd[1]: Mounting Huge Pages File System...
         Mounting Huge Pages File System...
[   50.623651] systemd[1]: Starting Set console keymap...
         Starting Set console keymap...
[   50.641974] systemd[1]: Reached target User and Group Name Lookups.
[[0;32m  OK  [0m] Reached target User and Group Name Lookups.
[   50.715275] systemd[1]: Mounted POSIX Message Queue File System.
[[0;32m  OK  [0m] Mounted POSIX Message Queue File System.
[   50.747167] systemd[1]: Mounted Debug File System.
[[0;32m  OK  [0m] Mounted Debug File System.
[   50.754089] systemd[1]: Mounted Huge Pages File System.
[[0;32m  OK  [0m] Mounted Huge Pages File System.
[   50.761916] systemd[1]: Started Journal Service.
[[0;32m  OK  [0m] Started Journal Service.
[[0;32m  OK  [0m] Started Load Kernel Modules.
[[0;32m  OK  [0m] Started Uncomplicated firewall.
[[0;32m  OK  [0m] Started Remount Root and Kernel File Systems.
[[0;32m  OK  [0m] Started Create list of required sta...ce nodes for the current kernel.
[[0;32m  OK  [0m] Started Set console keymap.
[[0;32m  OK  [0m] Started Nameserver information manager.
[[0;32m  OK  [0m] Started LVM2 metadata daemon.
         Starting Create Static Device Nodes in /dev...
         Starting udev Coldplug all Devices...
         Starting Initial cloud-init job (pre-networking)...
         Starting Load/Save Random Seed...
         Mounting FUSE Control File System...
         Starting Apply Kernel Variables...
         Starting Flush Journal to Persistent Storage...
[[0;32m  OK  [0m] Mounted FUSE Control File System.
[[0;32m  OK  [0m] Started Monitoring of LVM2 mirrors,...ng dmeventd or progress polling.
[[0;32m  OK  [0m] Started Create Static Device Nodes in /dev.
[[0;32m  OK  [0m] Started Load/Save Random Seed.
[[0;32m  OK  [0m] Started Apply Kernel Variables.
[[0;32m  OK  [0m] Started udev Coldplug all Devices.
[[0;32m  OK  [0m] Started Flush Journal to Persistent Storage.
         Starting udev Kernel Device Manager...
[[0;32m  OK  [0m] Started udev Kernel Device Manager.
[[0;32m  OK  [0m] Started Dispatch Password Requests to Console Directory Watch.
[[0;32m  OK  [0m] Reached target Local File Systems (Pre).
[[0;32m  OK  [0m] Reached target Local File Systems.
[   51.984517] piix4_smbus 0000:00:07.0: SMBus base address uninitialized - upgrade BIOS or use force_addr=0xaddr
         Starting Tell Plymouth To Write Out Runtime Data...
         Starting Set console font and keymap...
         Starting Create Volatile Files and Directories...
         Starting LSB: AppArmor initialization...
[[0;32m  OK  [0m] Started Tell Plymouth To Write Out Runtime Data.
[[0;32m  OK  [0m] Started Create Volatile Files and Directories.
         Starting Update UTMP about System Boot/Shutdown...
[[0;32m  OK  [0m] Reached target System Time Synchronized.
[[0;32m  OK  [0m] Started Update UTMP about System Boot/Shutdown.
[   52.603572] intel_rapl: no valid rapl domains found in package 0
[[0;32m  OK  [0m] Found device /dev/ttyS0.
[[0;32m  OK  [0m] Started LSB: AppArmor initialization.
[[0;32m  OK  [0m] Found device 82540EM Gigabit Ethern...r (PRO/1000 MT Desktop Adapter).
[[0;32m  OK  [0m] Started Set console font and keymap.
[[0;32m  OK  [0m] Created slice system-getty.slice.
[   47.840768] cloud-init[484]: Cloud-init v. 0.7.8 running 'init-local' at Mon, 13 Feb 2017 08:28:23 +0000. Up 46.96 seconds.
[[0;32m  OK  [0m] Started Initial cloud-init job (pre-networking).
[[0;32m  OK  [0m] Reached target Network (Pre).
[[0;32m  OK  [0m] Started ifup for enp0s3.
         Starting Raise network interfaces...
[[0m[0;31m*     [0m] A start job is running for Raise network interfaces (9s / 5min 4s)[K[[0;1;31m*[0m[0;31m*    [0m] A start job is running for Raise network interfaces (10s / 5min 4s)[K[[0;31m*[0;1;31m*[0m[0;31m*   [0m] A start job is running for Raise network interfaces (10s / 5min 4s)[K[ [0;31m*[0;1;31m*[0m[0;31m*  [0m] A start job is running for Raise network interfaces (11s / 5min 4s)[K[  [0;31m*[0;1;31m*[0m[0;31m* [0m] A start job is running for Raise network interfaces (11s / 5min 4s)[K[   [0;31m*[0;1;31m*[0m[0;31m*[0m] A start job is running for Raise network interfaces (12s / 5min 4s)[K[    [0;31m*[0;1;31m*[0m] A start job is running for Raise network interfaces (12s / 5min 4s)[K[     [0;31m*[0m] A start job is running for Raise network interfaces (13s / 5min 4s)[K[    [0;31m*[0;1;31m*[0m] A start job is running for Raise network interfaces (13s / 5min 4s)[K[   [0;31m*[0;1;31m*[0m[0;31m*[0m] A start job is running for Raise network interfaces (14s / 5min 4s)[K[  [0;31m*[0;1;31m*[0m[0;31m* [0m] A start job is running for Raise network interfaces (14s / 5min 4s)[K[ [0;31m*[0;1;31m*[0m[0;31m*  [0m] A start job is running for Raise network interfaces (15s / 5min 4s)[K[[0;31m*[0;1;31m*[0m[0;31m*   [0m] A start job is running for Raise network interfaces (15s / 5min 4s)[K[[0;1;31m*[0m[0;31m*    [0m] A start job is running for Raise network interfaces (16s / 5min 4s)[K[[0m[0;31m*     [0m] A start job is running for Raise network interfaces (16s / 5min 4s)[K[[0;1;31m*[0m[0;31m*    [0m] A start job is running for Raise network interfaces (17s / 5min 4s)[K[[0;31m*[0;1;31m*[0m[0;31m*   [0m] A start job is running for Raise network interfaces (17s / 5min 4s)[K[ [0;31m*[0;1;31m*[0m[0;31m*  [0m] A start job is running for Raise network interfaces (18s / 5min 4s)[K[  [0;31m*[0;1;31m*[0m[0;31m* [0m] A start job is running for Raise network interfaces (18s / 5min 4s)[K[   [0;31m*[0;1;31m*[0m[0;31m*[0m] A start job is running for Raise network interfaces (19s / 5min 4s)[K[    [0;31m*[0;1;31m*[0m] A start job is running for Raise network interfaces (19s / 5min 4s)[K[     [0;31m*[0m] A start job is running for Raise network interfaces (20s / 5min 4s)[K[    [0;31m*[0;1;31m*[0m] A start job is running for Raise network interfaces (20s / 5min 4s)[K[   [0;31m*[0;1;31m*[0m[0;31m*[0m] A start job is running for Raise network interfaces (21s / 5min 4s)[K[  [0;31m*[0;1;31m*[0m[0;31m* [0m] A start job is running for Raise network interfaces (21s / 5min 4s)[K[ [0;31m*[0;1;31m*[0m[0;31m*  [0m] A start job is running for Raise network interfaces (22s / 5min 4s)[K[[0;31m*[0;1;31m*[0m[0;31m*   [0m] A start job is running for Raise network interfaces (22s / 5min 4s)[K[[0;1;31m*[0m[0;31m*    [0m] A start job is running for Raise network interfaces (23s / 5min 4s)[K[[0m[0;31m*     [0m] A start job is running for Raise network interfaces (23s / 5min 4s)[K[[0;1;31m*[0m[0;31m*    [0m] A start job is running for Raise network interfaces (24s / 5min 4s)[K[[0;31m*[0;1;31m*[0m[0;31m*   [0m] A start job is running for Raise network interfaces (24s / 5min 4s)[K[ [0;31m*[0;1;31m*[0m[0;31m*  [0m] A start job is running for Raise network interfaces (25s / 5min 4s)[K[  [0;31m*[0;1;31m*[0m[0;31m* [0m] A start job is running for Raise network interfaces (25s / 5min 4s)[K[   [0;31m*[0;1;31m*[0m[0;31m*[0m] A start job is running for Raise network interfaces (26s / 5min 4s)[K[    [0;31m*[0;1;31m*[0m] A start job is running for Raise network interfaces (26s / 5min 4s)[K[     [0;31m*[0m] A start job is running for Raise network interfaces (27s / 5min 4s)[K[    [0;31m*[0;1;31m*[0m] A start job is running for Raise network interfaces (27s / 5min 4s)[K[   [0;31m*[0;1;31m*[0m[0;31m*[0m] A start job is running for Raise network interfaces (28s / 5min 4s)[K[  [0;31m*[0;1;31m*[0m[0;31m* [0m] A start job is running for Raise network interfaces (28s / 5min 4s)[K[ [0;31m*[0;1;31m*[0m[0;31m*  [0m] A start job is running for Raise network interfaces (29s / 5min 4s)[K[[0;31m*[0;1;31m*[0m[0;31m*   [0m] A start job is running for Raise network interfaces (29s / 5min 4s)[K[[0;1;31m*[0m[0;31m*    [0m] A start job is running for Raise network interfaces (30s / 5min 4s)[K[[0m[0;31m*     [0m] A start job is running for Raise network interfaces (30s / 5min 4s)[K[[0;1;31m*[0m[0;31m*    [0m] A start job is running for Raise network interfaces (31s / 5min 4s)[K[[0;31m*[0;1;31m*[0m[0;31m*   [0m] A start job is running for Raise network interfaces (31s / 5min 4s)[K[ [0;31m*[0;1;31m*[0m[0;31m*  [0m] A start job is running for Raise network interfaces (32s / 5min 4s)[K[  [0;31m*[0;1;31m*[0m[0;31m* [0m] A start job is running for Raise network interfaces (32s / 5min 4s)[K[   [0;31m*[0;1;31m*[0m[0;31m*[0m] A start job is running for Raise network interfaces (33s / 5min 4s)[K[    [0;31m*[0;1;31m*[0m] A start job is running for Raise network interfaces (33s / 5min 4s)[K[     [0;31m*[0m] A start job is running for Raise network interfaces (34s / 5min 4s)[K[    [0;31m*[0;1;31m*[0m] A start job is running for Raise network interfaces (34s / 5min 4s)[K[   [0;31m*[0;1;31m*[0m[0;31m*[0m] A start job is running for Raise network interfaces (35s / 5min 4s)[K[  [0;31m*[0;1;31m*[0m[0;31m* [0m] A start job is running for Raise network interfaces (35s / 5min 4s)[K[ [0;31m*[0;1;31m*[0m[0;31m*  [0m] A start job is running for Raise network interfaces (36s / 5min 4s)[K[[0;31m*[0;1;31m*[0m[0;31m*   [0m] A start job is running for Raise network interfaces (36s / 5min 4s)[K[[0;1;31m*[0m[0;31m*    [0m] A start job is running for Raise network interfaces (37s / 5min 4s)[K[[0m[0;31m*     [0m] A start job is running for Raise network interfaces (37s / 5min 4s)[K[[0;1;31m*[0m[0;31m*    [0m] A start job is running for Raise network interfaces (38s / 5min 4s)[K[[0;31m*[0;1;31m*[0m[0;31m*   [0m] A start job is running for Raise network interfaces (38s / 5min 4s)[K[ [0;31m*[0;1;31m*[0m[0;31m*  [0m] A start job is running for Raise network interfaces (39s / 5min 4s)[K[  [0;31m*[0;1;31m*[0m[0;31m* [0m] A start job is running for Raise network interfaces (39s / 5min 4s)[K[   [0;31m*[0;1;31m*[0m[0;31m*[0m] A start job is running for Raise network interfaces (40s / 5min 4s)[K[    [0;31m*[0;1;31m*[0m] A start job is running for Raise network interfaces (40s / 5min 4s)[K[     [0;31m*[0m] A start job is running for Raise network interfaces (41s / 5min 4s)[K[    [0;31m*[0;1;31m*[0m] A start job is running for Raise network interfaces (41s / 5min 4s)[K[   [0;31m*[0;1;31m*[0m[0;31m*[0m] A start job is running for Raise network interfaces (42s / 5min 4s)[K[  [0;31m*[0;1;31m*[0m[0;31m* [0m] A start job is running for Raise network interfaces (42s / 5min 4s)[K[ [0;31m*[0;1;31m*[0m[0;31m*  [0m] A start job is running for Raise network interfaces (43s / 5min 4s)[K[[0;31m*[0;1;31m*[0m[0;31m*   [0m] A start job is running for Raise network interfaces (43s / 5min 4s)[K[[0;1;31m*[0m[0;31m*    [0m] A start job is running for Raise network interfaces (44s / 5min 4s)[K[[0m[0;31m*     [0m] A start job is running for Raise network interfaces (44s / 5min 4s)[K[[0;1;31m*[0m[0;31m*    [0m] A start job is running for Raise network interfaces (45s / 5min 4s)[K[[0;31m*[0;1;31m*[0m[0;31m*   [0m] A start job is running for Raise network interfaces (45s / 5min 4s)[K[ [0;31m*[0;1;31m*[0m[0;31m*  [0m] A start job is running for Raise network interfaces (46s / 5min 4s)[K[  [0;31m*[0;1;31m*[0m[0;31m* [0m] A start job is running for Raise network interfaces (46s / 5min 4s)[K[   [0;31m*[0;1;31m*[0m[0;31m*[0m] A start job is running for Raise network interfaces (47s / 5min 4s)[K[    [0;31m*[0;1;31m*[0m] A start job is running for Raise network interfaces (47s / 5min 4s)[K[     [0;31m*[0m] A start job is running for Raise network interfaces (48s / 5min 4s)[K[    [0;31m*[0;1;31m*[0m] A start job is running for Raise network interfaces (48s / 5min 4s)[K[   [0;31m*[0;1;31m*[0m[0;31m*[0m] A start job is running for Raise network interfaces (49s / 5min 4s)[K[  [0;31m*[0;1;31m*[0m[0;31m* [0m] A start job is running for Raise network interfaces (49s / 5min 4s)[K[ [0;31m*[0;1;31m*[0m[0;31m*  [0m] A start job is running for Raise network interfaces (50s / 5min 4s)[K[[0;31m*[0;1;31m*[0m[0;31m*   [0m] A start job is running for Raise network interfaces (50s / 5min 4s)[K[[0;1;31m*[0m[0;31m*    [0m] A start job is running for Raise network interfaces (51s / 5min 4s)[K[[0m[0;31m*     [0m] A start job is running for Raise network interfaces (51s / 5min 4s)[K[[0;1;31m*[0m[0;31m*    [0m] A start job is running for Raise network interfaces (52s / 5min 4s)[K[[0;31m*[0;1;31m*[0m[0;31m*   [0m] A start job is running for Raise network interfaces (52s / 5min 4s)[K[ [0;31m*[0;1;31m*[0m[0;31m*  [0m] A start job is running for Raise network interfaces (53s / 5min 4s)[K[  [0;31m*[0;1;31m*[0m[0;31m* [0m] A start job is running for Raise network interfaces (53s / 5min 4s)[K[   [0;31m*[0;1;31m*[0m[0;31m*[0m] A start job is running for Raise network interfaces (54s / 5min 4s)[K[    [0;31m*[0;1;31m*[0m] A start job is running for Raise network interfaces (54s / 5min 4s)[K[     [0;31m*[0m] A start job is running for Raise network interfaces (55s / 5min 4s)[K[    [0;31m*[0;1;31m*[0m] A start job is running for Raise network interfaces (55s / 5min 4s)[K[   [0;31m*[0;1;31m*[0m[0;31m*[0m] A start job is running for Raise network interfaces (56s / 5min 4s)[K[  [0;31m*[0;1;31m*[0m[0;31m* [0m] A start job is running for Raise network interfaces (56s / 5min 4s)[K[ [0;31m*[0;1;31m*[0m[0;31m*  [0m] A start job is running for Raise network interfaces (57s / 5min 4s)[K[[0;31m*[0;1;31m*[0m[0;31m*   [0m] A start job is running for Raise network interfaces (57s / 5min 4s)[K[[0;1;31m*[0m[0;31m*    [0m] A start job is running for Raise network interfaces (58s / 5min 4s)[K[[0m[0;31m*     [0m] A start job is running for Raise network interfaces (58s / 5min 4s)[K[[0;1;31m*[0m[0;31m*    [0m] A start job is running for Raise network interfaces (59s / 5min 4s)[K[[0;31m*[0;1;31m*[0m[0;31m*   [0m] A start job is running for Raise network interfaces (59s / 5min 4s)[K[ [0;31m*[0;1;31m*[0m[0;31m*  [0m] A start job is running for Raise network interfaces (1min / 5min 4s)[K[  [0;31m*[0;1;31m*[0m[0;31m* [0m] A start job is running for Raise network interfaces (1min / 5min 4s)[K[   [0;31m*[0;1;31m*[0m[0;31m*[0m] A start job is running for Raise ne...k interfaces (1min 1s / 5min 4s)[K[    [0;31m*[0;1;31m*[0m] A start job is running for Raise ne...k interfaces (1min 1s / 5min 4s)[K[     [0;31m*[0m] A start job is running for Raise ne...k interfaces (1min 2s / 5min 4s)[K[    [0;31m*[0;1;31m*[0m] A start job is running for Raise ne...k interfaces (1min 2s / 5min 4s)[K[   [0;31m*[0;1;31m*[0m[0;31m*[0m] A start job is running for Raise ne...k interfaces (1min 3s / 5min 4s)[K[  [0;31m*[0;1;31m*[0m[0;31m* [0m] A start job is running for Raise ne...k interfaces (1min 3s / 5min 4s)[K[ [0;31m*[0;1;31m*[0m[0;31m*  [0m] A start job is running for Raise ne...k interfaces (1min 4s / 5min 4s)[K[[0;31m*[0;1;31m*[0m[0;31m*   [0m] A start job is running for Raise ne...k interfaces (1min 4s / 5min 4s)[K[[0;1;31m*[0m[0;31m*    [0m] A start job is running for Raise ne...k interfaces (1min 5s / 5min 4s)[K[[0m[0;31m*     [0m] A start job is running for Raise ne...k interfaces (1min 5s / 5min 4s)[K[[0;32m  OK  [0m] Listening on Load/Save RF Kill Switch Status /dev/rfkill Watch.
[[0;32m  OK  [0m] Started Raise network interfaces.
[[0;32m  OK  [0m] Reached target Network.
         Starting Initial cloud-init job (metadata service crawler)...
[  110.730636] cloud-init[1075]: Cloud-init v. 0.7.8 running 'init' at Mon, 13 Feb 2017 08:29:27 +0000. Up 110.17 seconds.
[  110.852748] cloud-init[1075]: ci-info: +++++++++++++++++++++++++++++++++++++Net device info++++++++++++++++++++++++++++++++++++++
[[0;32m  OK  [0m] Started Initial cloud-init job (metadata service crawler).
[  110.853952] cloud-init[1075]: ci-info: +--------+------+----------------------------+---------------+-------+-------------------+
[  110.948696] [cloud-init[0;32m  OK  [0m[1075]: ] ci-info: | Device |  Up  |          Address           |      Mask     | Scope |     Hw-Address    |Reached target System Initialization.

[  110.950072] cloud-init[1075]: ci-info: +--------+------+----------------------------+---------------+-------+-------------------+
[[0;32m  OK  [0m] Started Trigger resolvconf update for networkd DNS.
         Starting Docker Socket for the API.
[[0;32m  OK  [0m] Listening on UUID daemon activation socket.
         Starting Socket activation for snappy daemon.
[  110.998443] cloud-init[1075]: ci-info: | enp0s3 | True |         10.0.2.15          | 255.255.255.0 |   .   | 02:e4:5b:1a:6e:ce |
[  111.292748] [cloud-init[0;32m  OK  [0m[1075]: ] ci-info: | enp0s3 | True | fe80::e4:5bff:fe1a:6ece/64 |       .       |  link | 02:e4:5b:1a:6e:ce |Started Timer to automatically refresh installed snaps.

[  111.293612] cloud-init[1075]: ci-info: |   lo   | True |         127.0.0.1          |   255.0.0.0   |   .   |         .         |
[  111.396507]          cloud-initStarting LXD - unix socket.[1075]: 
ci-info: |   lo   | True |          ::1/128           |       .       |  host |         .         |
[  111.463270] cloud-init[1075]: ci-info: +--------+------+----------------------------+---------------+-------+-------------------+
[[0;32m  OK  [0m] Listening on ACPID Listen Socket.
[  111.464764] [cloud-init[0;32m  OK  [0m[1075]: ] ci-info: +++++++++++++++++++++++++++Route IPv4 info++++++++++++++++++++++++++++Started Daily Cleanup of Temporary Directories.

[  111.521713] cloud-init[1075]: ci-info: +-------+-------------+----------+---------------+-----------+-------+
[  111.611090] [cloud-init[0;32m  OK  [0m[1075]: ] ci-info: | Route | Destination | Gateway  |    Genmask    | Interface | Flags |Started ACPI Events Check.

[[0;32m  OK  [0m] Reached target Paths.
[[0;32m  OK  [0m] Started Daily apt activities.
[[  111.611863] [0;32m  OK  [0mcloud-init] [1075]: Reached target Timers.ci-info: +-------+-------------+----------+---------------+-----------+-------+

[  111.705711] [cloud-init[0;32m  OK  [0m[1075]: ] ci-info: |   0   |   0.0.0.0   | 10.0.2.2 |    0.0.0.0    |   enp0s3  |   UG  |Listening on D-Bus System Message Bus Socket.

[  111.706666] [cloud-init[0;32m  OK  [0m[1075]: ] ci-info: |   1   |   10.0.2.0  | 0.0.0.0  | 255.255.255.0 |   enp0s3  |   U   |Reached target Network is Online.

[  111.816560]          cloud-initStarting iSCSI initiator daemon (iscsid)...[1075]: 
ci-info: +-------+-------------+----------+---------------+-----------+-------+
[[0;32m  OK  [0m] Reached target Cloud-config availability.
[[0;32m  OK  [0m] Listening on Docker Socket for the API.
[[0;32m  OK  [0m] Listening on Socket activation for snappy daemon.
[[0;32m  OK  [0m] Listening on LXD - unix socket.
[[0;32m  OK  [0m] Started iSCSI initiator daemon (iscsid).
         Starting Login to default iSCSI targets...
[[0;32m  OK  [0m] Reached target Sockets.
[[0;32m  OK  [0m] Reached target Basic System.
         Starting Accounts Service...
[[0;32m  OK  [0m] Started Snappy daemon.
         Starting Thermal Daemon Service...
         Starting LSB: MD monitoring daemon...
[[0;32m  OK  [0m] Started Regular background program processing daemon.
         Starting System Logging Service...
[[0;32m  OK  [0m] Started FUSE filesystem for LXC.
         Starting OpenBSD Secure Shell server...
[[0;32m  OK  [0m] Started Deferred execution scheduler.
         Starting Auto import assertions from block devices...
         Starting Apply the settings specified in cloud-config...
         Starting LSB: Record successful boot for GRUB...
         Starting LXD - container startup/shutdown...
         Starting /etc/rc.local Compatibility...
         Starting Login Service...
[[0;32m  OK  [0m] Started D-Bus System Message Bus.
[[0;32m  OK  [0m] Started Thermal Daemon Service.
[[0;32m  OK  [0m] Started ACPI event daemon.
         Starting Docker Application Container Engine...
[[0;32m  OK  [0m] Started System Logging Service.
[[0;32m  OK  [0m] Started OpenBSD Secure Shell server.
[[0;32m  OK  [0m] Started Auto import assertions from block devices.
[[0;32m  OK  [0m] Started LXD - container startup/shutdown.
[[0;32m  OK  [0m] Started /etc/rc.local Compatibility.
[[0;32m  OK  [0m] Started Login to default iSCSI targets.
[[0;32m  OK  [0m] Started LSB: MD monitoring daemon.
[[0;32m  OK  [0m] Started LSB: Record successful boot for GRUB.
[[0;32m  OK  [0m] Started Login Service.
         Starting Authenticate and Authorize Users to Run Privileged Tasks...
[[0;32m  OK  [0m] Reached target Remote File Systems (Pre).
[[0;32m  OK  [0m] Reached target Remote File Systems.
         Starting LSB: daemon to balance interrupts for SMP systems...
         Starting LSB: Set up cgroupfs mounts....
         Starting Permit User Sessions...
         Starting LSB: automatic crash report generation...
         Starting LSB: VirtualBox Linux Additions...
         Starting LSB: Set the CPU Frequency Scaling governor to "ondemand"...
[[0;32m  OK  [0m] Started LSB: Set up cgroupfs mounts..
[[0;32m  OK  [0m] Started Permit User Sessions.
[[0;32m  OK  [0m] Started Authenticate and Authorize Users to Run Privileged Tasks.
[[0;32m  OK  [0m] Started Accounts Service.
[[0;32m  OK  [0m] Started LSB: daemon to balance interrupts for SMP systems.
         Starting Terminate Plymouth Boot Screen...
         Starting Hold until boot process finishes up...
[[0;32m  OK  [0m] Started LSB: automatic crash report generation.
[[0;32m  OK  [0m] Started LSB: Set the CPU Frequency Scaling governor to "ondemand".
[[0;32m  OK  [0m] Started Hold until boot process finishes up.
[[0;32m  OK  [0m] Started Terminate Plymouth Boot Screen.
         Starting Set console scheme...
[[0;32m  OK  [0m] Started Serial Getty on ttyS0.
[[0;32m  OK  [0m] Started Getty on tty1.
[[0;32m  OK  [0m] Reached target Login Prompts.
[[0;32m  OK  [0m] Started LSB: VirtualBox Linux Additions.
[[0;32m  OK  [0m] Started Set console scheme.
[[0;32m  OK  [0m] Created slice User Slice of ubuntu.
[[0;32m  OK  [0m] Started Session 1 of user ubuntu.
         Starting User Manager for UID 1000...
[  113.839325] cloud-init[1174]: Cloud-init v. 0.7.8 running 'modules:config' at Mon, 13 Feb 2017 08:29:30 +0000. Up 113.70 seconds.
[[0;32m  OK  [0m] Started User Manager for UID 1000.
[[0;32m  OK  [0m] Started Apply the settings specified in cloud-config.
         Stopping User Manager for UID 1000...
[[0;32m  OK  [0m] Stopped User Manager for UID 1000.
[[0;32m  OK  [0m] Removed slice User Slice of ubuntu.

Ubuntu 16.04.2 LTS nomad ttyS0

nomad login: [  146.432897] cloud-init[1627]: Cloud-init v. 0.7.8 running 'modules:final' at Mon, 13 Feb 2017 08:30:03 +0000. Up 146.25 seconds.
[  146.433442] cloud-init[1627]: Cloud-init v. 0.7.8 finished at Mon, 13 Feb 2017 08:30:03 +0000. Datasource DataSourceNoCloud [seed=/dev/sdb][dsmode=net].  Up 146.41 seconds
